Mar 20 05:12:56 gernby-NUC13ANHi7 kernel: Linux version 6.11.0-19-generic (buildd@lcy02-amd64-067) (x86_64-linux-gnu-gcc-14 (Ubuntu 14.2.0-4ubuntu2) 14.2.0, GNU ld (GNU Binutils for Ubuntu) 2.43.1) #19-Ubuntu SMP PREEMPT_DYNAMIC Wed Feb 12 21:43:43 UTC 2025 (Ubuntu 6.11.0-19.19-generic 6.11.11)
Mar 20 05:12:56 gernby-NUC13ANHi7 kernel: Command line: BOOT_IMAGE=/vmlinuz-6.11.0-19-generic root=/dev/mapper/ubuntu--vg-ubuntu--lv ro quiet splash vt.handoff=7
Mar 20 05:12:56 gernby-NUC13ANHi7 kernel: KERNEL supported cpus:
Mar 20 05:12:56 gernby-NUC13ANHi7 kernel:   Intel GenuineIntel
Mar 20 05:12:56 gernby-NUC13ANHi7 kernel:   AMD AuthenticAMD
Mar 20 05:12:56 gernby-NUC13ANHi7 kernel:   Hygon HygonGenuine
Mar 20 05:12:56 gernby-NUC13ANHi7 kernel:   Centaur CentaurHauls
Mar 20 05:12:56 gernby-NUC13ANHi7 kernel:   zhaoxin   Shanghai
Mar 20 05:12:56 gernby-NUC13ANHi7 kernel: x86/split lock detection: #AC: crashing the kernel on kernel split_locks and warning on user-space split_locks
Mar 20 05:12:56 gernby-NUC13ANHi7 kernel: BIOS-provided physical RAM map:
Mar 20 05:12:56 gernby-NUC13ANHi7 kernel: BIOS-e820: [mem 0x0000000000000000-0x000000000009dfff] usable
Mar 20 05:12:56 gernby-NUC13ANHi7 kernel: BIOS-e820: [mem 0x000000000009e000-0x000000000009efff] reserved
Mar 20 05:12:56 gernby-NUC13ANHi7 kernel: BIOS-e820: [mem 0x000000000009f000-0x000000000009ffff] usable
Mar 20 05:12:56 gernby-NUC13ANHi7 kernel: BIOS-e820: [mem 0x00000000000a0000-0x00000000000fffff] reserved
Mar 20 05:12:56 gernby-NUC13ANHi7 kernel: BIOS-e820: [mem 0x0000000000100000-0x000000004c489fff] usable
Mar 20 05:12:56 gernby-NUC13ANHi7 kernel: BIOS-e820: [mem 0x000000004c48a000-0x00000000553b4fff] reserved
Mar 20 05:12:56 gernby-NUC13ANHi7 kernel: BIOS-e820: [mem 0x00000000553b5000-0x00000000554c4fff] ACPI data
Mar 20 05:12:56 gernby-NUC13ANHi7 kernel: BIOS-e820: [mem 0x00000000554c5000-0x00000000555cefff] ACPI NVS
Mar 20 05:12:56 gernby-NUC13ANHi7 kernel: BIOS-e820: [mem 0x00000000555cf000-0x00000000597fefff] reserved
Mar 20 05:12:56 gernby-NUC13ANHi7 kernel: BIOS-e820: [mem 0x00000000597ff000-0x00000000597fffff] usable
Mar 20 05:12:56 gernby-NUC13ANHi7 kernel: BIOS-e820: [mem 0x0000000059800000-0x000000005fffffff] reserved
Mar 20 05:12:56 gernby-NUC13ANHi7 kernel: BIOS-e820: [mem 0x0000000060c00000-0x0000000060ffffff] reserved
Mar 20 05:12:56 gernby-NUC13ANHi7 kernel: BIOS-e820: [mem 0x0000000061e00000-0x00000000687fffff] reserved
Mar 20 05:12:56 gernby-NUC13ANHi7 kernel: BIOS-e820: [mem 0x00000000c0000000-0x00000000cfffffff] reserved
Mar 20 05:12:56 gernby-NUC13ANHi7 kernel: BIOS-e820: [mem 0x00000000fe000000-0x00000000fe010fff] reserved
Mar 20 05:12:56 gernby-NUC13ANHi7 kernel: BIOS-e820: [mem 0x00000000fec00000-0x00000000fec00fff] reserved
Mar 20 05:12:56 gernby-NUC13ANHi7 kernel: BIOS-e820: [mem 0x00000000fed00000-0x00000000fed00fff] reserved
Mar 20 05:12:56 gernby-NUC13ANHi7 kernel: BIOS-e820: [mem 0x00000000fed20000-0x00000000fed7ffff] reserved
Mar 20 05:12:56 gernby-NUC13ANHi7 kernel: BIOS-e820: [mem 0x00000000fee00000-0x00000000fee00fff] reserved
Mar 20 05:12:56 gernby-NUC13ANHi7 kernel: BIOS-e820: [mem 0x00000000ff000000-0x00000000ffffffff] reserved
Mar 20 05:12:56 gernby-NUC13ANHi7 kernel: BIOS-e820: [mem 0x0000000100000000-0x00000008977fffff] usable
Mar 20 05:12:56 gernby-NUC13ANHi7 kernel: NX (Execute Disable) protection: active
Mar 20 05:12:56 gernby-NUC13ANHi7 kernel: APIC: Static calls initialized
Mar 20 05:12:56 gernby-NUC13ANHi7 kernel: efi: EFI v2.8 by American Megatrends
Mar 20 05:12:56 gernby-NUC13ANHi7 kernel: efi: ACPI=0x55548000 ACPI 2.0=0x55548014 TPMFinalLog=0x55517000 SMBIOS=0x59454000 SMBIOS 3.0=0x59453000 MEMATTR=0x44016698 ESRT=0x44018418 MOKvar=0x594c2000 INITRD=0x43f43f18 RNG=0x553ea018 TPMEventLog=0x553df018
Mar 20 05:12:56 gernby-NUC13ANHi7 kernel: random: crng init done
Mar 20 05:12:56 gernby-NUC13ANHi7 kernel: efi: Remove mem80: MMIO range=[0xc0000000-0xcfffffff] (256MB) from e820 map
Mar 20 05:12:56 gernby-NUC13ANHi7 kernel: e820: remove [mem 0xc0000000-0xcfffffff] reserved
Mar 20 05:12:56 gernby-NUC13ANHi7 kernel: efi: Not removing mem81: MMIO range=[0xfe000000-0xfe010fff] (68KB) from e820 map
Mar 20 05:12:56 gernby-NUC13ANHi7 kernel: efi: Not removing mem82: MMIO range=[0xfec00000-0xfec00fff] (4KB) from e820 map
Mar 20 05:12:56 gernby-NUC13ANHi7 kernel: efi: Not removing mem83: MMIO range=[0xfed00000-0xfed00fff] (4KB) from e820 map
Mar 20 05:12:56 gernby-NUC13ANHi7 kernel: efi: Not removing mem85: MMIO range=[0xfee00000-0xfee00fff] (4KB) from e820 map
Mar 20 05:12:56 gernby-NUC13ANHi7 kernel: efi: Remove mem86: MMIO range=[0xff000000-0xffffffff] (16MB) from e820 map
Mar 20 05:12:56 gernby-NUC13ANHi7 kernel: e820: remove [mem 0xff000000-0xffffffff] reserved
Mar 20 05:12:56 gernby-NUC13ANHi7 kernel: SMBIOS 3.5.0 present.
Mar 20 05:12:56 gernby-NUC13ANHi7 kernel: DMI: Intel(R) Client Systems NUC13ANHi7/NUC13ANBi7, BIOS ANRPL357.0026.2023.0314.1458 03/14/2023
Mar 20 05:12:56 gernby-NUC13ANHi7 kernel: DMI: Memory slots populated: 2/2
Mar 20 05:12:56 gernby-NUC13ANHi7 kernel: secureboot: Secure boot disabled
Mar 20 05:12:56 gernby-NUC13ANHi7 kernel: tsc: Detected 2600.000 MHz processor
Mar 20 05:12:56 gernby-NUC13ANHi7 kernel: tsc: Detected 2611.200 MHz TSC
Mar 20 05:12:56 gernby-NUC13ANHi7 kernel: e820: update [mem 0x00000000-0x00000fff] usable ==> reserved
Mar 20 05:12:56 gernby-NUC13ANHi7 kernel: e820: remove [mem 0x000a0000-0x000fffff] usable
Mar 20 05:12:56 gernby-NUC13ANHi7 kernel: last_pfn = 0x897800 max_arch_pfn = 0x400000000
Mar 20 05:12:56 gernby-NUC13ANHi7 kernel: MTRR map: 5 entries (3 fixed + 2 variable; max 23), built from 10 variable MTRRs
Mar 20 05:12:56 gernby-NUC13ANHi7 kernel: x86/PAT: Configuration [0-7]: WB  WC  UC- UC  WB  WP  UC- WT
Mar 20 05:12:56 gernby-NUC13ANHi7 kernel: last_pfn = 0x59800 max_arch_pfn = 0x400000000
Mar 20 05:12:56 gernby-NUC13ANHi7 kernel: esrt: Reserving ESRT space from 0x0000000044018418 to 0x0000000044018518.
Mar 20 05:12:56 gernby-NUC13ANHi7 kernel: e820: update [mem 0x44018000-0x44018fff] usable ==> reserved
Mar 20 05:12:56 gernby-NUC13ANHi7 kernel: Using GB pages for direct mapping
Mar 20 05:12:56 gernby-NUC13ANHi7 kernel: Incomplete global flushes, disabling PCID
Mar 20 05:12:56 gernby-NUC13ANHi7 kernel: secureboot: Secure boot disabled
Mar 20 05:12:56 gernby-NUC13ANHi7 kernel: RAMDISK: [mem 0x3d27a000-0x417fffff]
Mar 20 05:12:56 gernby-NUC13ANHi7 kernel: ACPI: Early table checksum verification disabled
Mar 20 05:12:56 gernby-NUC13ANHi7 kernel: ACPI: RSDP 0x0000000055548014 000024 (v02 INTEL )
Mar 20 05:12:56 gernby-NUC13ANHi7 kernel: ACPI: XSDT 0x0000000055547728 00011C (v01 INTEL  NUCxi7A5 0000001A AMI  01000013)
Mar 20 05:12:56 gernby-NUC13ANHi7 kernel: ACPI: FACP 0x00000000554C2000 000114 (v06 INTEL  NUCxi7A5 0000001A AMI  01000013)
Mar 20 05:12:56 gernby-NUC13ANHi7 kernel: ACPI: DSDT 0x000000005542B000 09639E (v02 INTEL  NUCxi7A5 0000001A INTL 20200717)
Mar 20 05:12:56 gernby-NUC13ANHi7 kernel: ACPI: FACS 0x00000000555CC000 000040
Mar 20 05:12:56 gernby-NUC13ANHi7 kernel: ACPI: FIDT 0x000000005542A000 00009C (v01 INTEL  NUCxi7A5 0000001A AMI  00010013)
Mar 20 05:12:56 gernby-NUC13ANHi7 kernel: ACPI: SSDT 0x00000000554C4000 00038C (v02 INTEL  NUCxi7A5 0000001A INTL 20200717)
Mar 20 05:12:56 gernby-NUC13ANHi7 kernel: ACPI: SSDT 0x0000000055424000 005D34 (v02 INTEL  NUCxi7A5 0000001A INTL 20200717)
Mar 20 05:12:56 gernby-NUC13ANHi7 kernel: ACPI: SSDT 0x0000000055421000 002935 (v02 INTEL  NUCxi7A5 0000001A INTL 20200717)
Mar 20 05:12:56 gernby-NUC13ANHi7 kernel: ACPI: SSDT 0x000000005541D000 0033E9 (v02 INTEL  NUCxi7A5 0000001A INTL 20200717)
Mar 20 05:12:56 gernby-NUC13ANHi7 kernel: ACPI: SSDT 0x000000005540F000 00D487 (v02 INTEL  NUCxi7A5 00001000 INTL 20200717)
Mar 20 05:12:56 gernby-NUC13ANHi7 kernel: ACPI: HPET 0x00000000554C3000 000038 (v01 INTEL  NUCxi7A5 0000001A AMI  01000013)
Mar 20 05:12:56 gernby-NUC13ANHi7 kernel: ACPI: APIC 0x000000005540E000 0001DC (v05 INTEL  NUCxi7A5 0000001A AMI  01000013)
Mar 20 05:12:56 gernby-NUC13ANHi7 kernel: ACPI: MCFG 0x000000005540D000 00003C (v01 INTEL  NUCxi7A5 0000001A AMI  01000013)
Mar 20 05:12:56 gernby-NUC13ANHi7 kernel: ACPI: SSDT 0x000000005540A000 002642 (v02 INTEL  NUCxi7A5 0000001A INTL 20200717)
Mar 20 05:12:56 gernby-NUC13ANHi7 kernel: ACPI: SSDT 0x0000000055408000 001DFD (v02 INTEL  NUCxi7A5 0000001A INTL 20200717)
Mar 20 05:12:56 gernby-NUC13ANHi7 kernel: ACPI: UEFI 0x00000000554FE000 000048 (v01 INTEL  NUCxi7A5 0000001A AMI  01000013)
Mar 20 05:12:56 gernby-NUC13ANHi7 kernel: ACPI: NHLT 0x0000000055407000 00002D (v00 INTEL  NUCxi7A5 0000001A AMI  01000013)
Mar 20 05:12:56 gernby-NUC13ANHi7 kernel: ACPI: LPIT 0x0000000055406000 0000CC (v01 INTEL  NUCxi7A5 0000001A AMI  01000013)
Mar 20 05:12:56 gernby-NUC13ANHi7 kernel: ACPI: WDAT 0x0000000055404000 000134 (v01 INTEL  NUCxi7A5 0000001A AMI  01000013)
Mar 20 05:12:56 gernby-NUC13ANHi7 kernel: ACPI: SSDT 0x0000000055401000 002A83 (v02 INTEL  NUCxi7A5 0000001A INTL 20200717)
Mar 20 05:12:56 gernby-NUC13ANHi7 kernel: ACPI: SSDT 0x00000000553FE000 002357 (v02 INTEL  NUCxi7A5 0000001A INTL 20200717)
Mar 20 05:12:56 gernby-NUC13ANHi7 kernel: ACPI: DBGP 0x00000000553FD000 000034 (v01 INTEL  NUCxi7A5 0000001A AMI  01000013)
Mar 20 05:12:56 gernby-NUC13ANHi7 kernel: ACPI: DBG2 0x00000000553FC000 000054 (v00 INTEL  NUCxi7A5 0000001A AMI  01000013)
Mar 20 05:12:56 gernby-NUC13ANHi7 kernel: ACPI: SSDT 0x00000000553FA000 00190A (v02 INTEL  NUCxi7A5 0000001A INTL 20200717)
Mar 20 05:12:56 gernby-NUC13ANHi7 kernel: ACPI: DMAR 0x00000000553F9000 000088 (v02 INTEL  NUCxi7A5 0000001A      01000013)
Mar 20 05:12:56 gernby-NUC13ANHi7 kernel: ACPI: FPDT 0x00000000553F8000 000044 (v01 INTEL  NUCxi7A5 0000001A AMI  01000013)
Mar 20 05:12:56 gernby-NUC13ANHi7 kernel: ACPI: SSDT 0x00000000553F7000 000D56 (v02 INTEL  NUCxi7A5 0000001A INTL 20200717)
Mar 20 05:12:56 gernby-NUC13ANHi7 kernel: ACPI: SSDT 0x00000000553F3000 003AEA (v02 INTEL  NUCxi7A5 0000001A INTL 20200717)
Mar 20 05:12:56 gernby-NUC13ANHi7 kernel: ACPI: SSDT 0x00000000553EF000 0039DA (v02 INTEL  NUCxi7A5 0000001A INTL 20200717)
Mar 20 05:12:56 gernby-NUC13ANHi7 kernel: ACPI: SSDT 0x00000000553EE000 000144 (v02 INTEL  NUCxi7A5 0000001A INTL 20200717)
Mar 20 05:12:56 gernby-NUC13ANHi7 kernel: ACPI: BGRT 0x00000000553ED000 000038 (v01 INTEL  NUCxi7A5 0000001A AMI  00010013)
Mar 20 05:12:56 gernby-NUC13ANHi7 kernel: ACPI: TPM2 0x00000000553EC000 00004C (v04 INTEL  NUCxi7A5 0000001A AMI  00000000)
Mar 20 05:12:56 gernby-NUC13ANHi7 kernel: ACPI: PHAT 0x00000000553EB000 00062D (v01 INTEL  NUCxi7A5 0000001A MSFT 0100000D)
Mar 20 05:12:56 gernby-NUC13ANHi7 kernel: ACPI: WSMT 0x0000000055405000 000028 (v01 INTEL  NUCxi7A5 0000001A AMI  00010013)
Mar 20 05:12:56 gernby-NUC13ANHi7 kernel: ACPI: Reserving FACP table memory at [mem 0x554c2000-0x554c2113]
Mar 20 05:12:56 gernby-NUC13ANHi7 kernel: ACPI: Reserving DSDT table memory at [mem 0x5542b000-0x554c139d]
Mar 20 05:12:56 gernby-NUC13ANHi7 kernel: ACPI: Reserving FACS table memory at [mem 0x555cc000-0x555cc03f]
Mar 20 05:12:56 gernby-NUC13ANHi7 kernel: ACPI: Reserving FIDT table memory at [mem 0x5542a000-0x5542a09b]
Mar 20 05:12:56 gernby-NUC13ANHi7 kernel: ACPI: Reserving SSDT table memory at [mem 0x554c4000-0x554c438b]
Mar 20 05:12:56 gernby-NUC13ANHi7 kernel: ACPI: Reserving SSDT table memory at [mem 0x55424000-0x55429d33]
Mar 20 05:12:56 gernby-NUC13ANHi7 kernel: ACPI: Reserving SSDT table memory at [mem 0x55421000-0x55423934]
Mar 20 05:12:56 gernby-NUC13ANHi7 kernel: ACPI: Reserving SSDT table memory at [mem 0x5541d000-0x554203e8]
Mar 20 05:12:56 gernby-NUC13ANHi7 kernel: ACPI: Reserving SSDT table memory at [mem 0x5540f000-0x5541c486]
Mar 20 05:12:56 gernby-NUC13ANHi7 kernel: ACPI: Reserving HPET table memory at [mem 0x554c3000-0x554c3037]
Mar 20 05:12:56 gernby-NUC13ANHi7 kernel: ACPI: Reserving APIC table memory at [mem 0x5540e000-0x5540e1db]
Mar 20 05:12:56 gernby-NUC13ANHi7 kernel: ACPI: Reserving MCFG table memory at [mem 0x5540d000-0x5540d03b]
Mar 20 05:12:56 gernby-NUC13ANHi7 kernel: ACPI: Reserving SSDT table memory at [mem 0x5540a000-0x5540c641]
Mar 20 05:12:56 gernby-NUC13ANHi7 kernel: ACPI: Reserving SSDT table memory at [mem 0x55408000-0x55409dfc]
Mar 20 05:12:56 gernby-NUC13ANHi7 kernel: ACPI: Reserving UEFI table memory at [mem 0x554fe000-0x554fe047]
Mar 20 05:12:56 gernby-NUC13ANHi7 kernel: ACPI: Reserving NHLT table memory at [mem 0x55407000-0x5540702c]
Mar 20 05:12:56 gernby-NUC13ANHi7 kernel: ACPI: Reserving LPIT table memory at [mem 0x55406000-0x554060cb]
Mar 20 05:12:56 gernby-NUC13ANHi7 kernel: ACPI: Reserving WDAT table memory at [mem 0x55404000-0x55404133]
Mar 20 05:12:56 gernby-NUC13ANHi7 kernel: ACPI: Reserving SSDT table memory at [mem 0x55401000-0x55403a82]
Mar 20 05:12:56 gernby-NUC13ANHi7 kernel: ACPI: Reserving SSDT table memory at [mem 0x553fe000-0x55400356]
Mar 20 05:12:56 gernby-NUC13ANHi7 kernel: ACPI: Reserving DBGP table memory at [mem 0x553fd000-0x553fd033]
Mar 20 05:12:56 gernby-NUC13ANHi7 kernel: ACPI: Reserving DBG2 table memory at [mem 0x553fc000-0x553fc053]
Mar 20 05:12:56 gernby-NUC13ANHi7 kernel: ACPI: Reserving SSDT table memory at [mem 0x553fa000-0x553fb909]
Mar 20 05:12:56 gernby-NUC13ANHi7 kernel: ACPI: Reserving DMAR table memory at [mem 0x553f9000-0x553f9087]
Mar 20 05:12:56 gernby-NUC13ANHi7 kernel: ACPI: Reserving FPDT table memory at [mem 0x553f8000-0x553f8043]
Mar 20 05:12:56 gernby-NUC13ANHi7 kernel: ACPI: Reserving SSDT table memory at [mem 0x553f7000-0x553f7d55]
Mar 20 05:12:56 gernby-NUC13ANHi7 kernel: ACPI: Reserving SSDT table memory at [mem 0x553f3000-0x553f6ae9]
Mar 20 05:12:56 gernby-NUC13ANHi7 kernel: ACPI: Reserving SSDT table memory at [mem 0x553ef000-0x553f29d9]
Mar 20 05:12:56 gernby-NUC13ANHi7 kernel: ACPI: Reserving SSDT table memory at [mem 0x553ee000-0x553ee143]
Mar 20 05:12:56 gernby-NUC13ANHi7 kernel: ACPI: Reserving BGRT table memory at [mem 0x553ed000-0x553ed037]
Mar 20 05:12:56 gernby-NUC13ANHi7 kernel: ACPI: Reserving TPM2 table memory at [mem 0x553ec000-0x553ec04b]
Mar 20 05:12:56 gernby-NUC13ANHi7 kernel: ACPI: Reserving PHAT table memory at [mem 0x553eb000-0x553eb62c]
Mar 20 05:12:56 gernby-NUC13ANHi7 kernel: ACPI: Reserving WSMT table memory at [mem 0x55405000-0x55405027]
Mar 20 05:12:56 gernby-NUC13ANHi7 kernel: No NUMA configuration found
Mar 20 05:12:56 gernby-NUC13ANHi7 kernel: Faking a node at [mem 0x0000000000000000-0x00000008977fffff]
Mar 20 05:12:56 gernby-NUC13ANHi7 kernel: NODE_DATA(0) allocated [mem 0x8977d5000-0x8977fffff]
Mar 20 05:12:56 gernby-NUC13ANHi7 kernel: Zone ranges:
Mar 20 05:12:56 gernby-NUC13ANHi7 kernel:   DMA      [mem 0x0000000000001000-0x0000000000ffffff]
Mar 20 05:12:56 gernby-NUC13ANHi7 kernel:   DMA32    [mem 0x0000000001000000-0x00000000ffffffff]
Mar 20 05:12:56 gernby-NUC13ANHi7 kernel:   Normal   [mem 0x0000000100000000-0x00000008977fffff]
Mar 20 05:12:56 gernby-NUC13ANHi7 kernel:   Device   empty
Mar 20 05:12:56 gernby-NUC13ANHi7 kernel: Movable zone start for each node
Mar 20 05:12:56 gernby-NUC13ANHi7 kernel: Early memory node ranges
Mar 20 05:12:56 gernby-NUC13ANHi7 kernel:   node   0: [mem 0x0000000000001000-0x000000000009dfff]
Mar 20 05:12:56 gernby-NUC13ANHi7 kernel:   node   0: [mem 0x000000000009f000-0x000000000009ffff]
Mar 20 05:12:56 gernby-NUC13ANHi7 kernel:   node   0: [mem 0x0000000000100000-0x000000004c489fff]
Mar 20 05:12:56 gernby-NUC13ANHi7 kernel:   node   0: [mem 0x00000000597ff000-0x00000000597fffff]
Mar 20 05:12:56 gernby-NUC13ANHi7 kernel:   node   0: [mem 0x0000000100000000-0x00000008977fffff]
Mar 20 05:12:56 gernby-NUC13ANHi7 kernel: Initmem setup node 0 [mem 0x0000000000001000-0x00000008977fffff]
Mar 20 05:12:56 gernby-NUC13ANHi7 kernel: On node 0, zone DMA: 1 pages in unavailable ranges
Mar 20 05:12:56 gernby-NUC13ANHi7 kernel: On node 0, zone DMA: 1 pages in unavailable ranges
Mar 20 05:12:56 gernby-NUC13ANHi7 kernel: On node 0, zone DMA: 96 pages in unavailable ranges
Mar 20 05:12:56 gernby-NUC13ANHi7 kernel: On node 0, zone DMA32: 21365 pages in unavailable ranges
Mar 20 05:12:56 gernby-NUC13ANHi7 kernel: On node 0, zone Normal: 26624 pages in unavailable ranges
Mar 20 05:12:56 gernby-NUC13ANHi7 kernel: On node 0, zone Normal: 2048 pages in unavailable ranges
Mar 20 05:12:56 gernby-NUC13ANHi7 kernel: Reserving Intel graphics memory at [mem 0x64800000-0x687fffff]
Mar 20 05:12:56 gernby-NUC13ANHi7 kernel: ACPI: PM-Timer IO Port: 0x1808
Mar 20 05:12:56 gernby-NUC13ANHi7 kernel: ACPI: LAPIC_NMI (acpi_id[0x01] high edge lint[0x1])
Mar 20 05:12:56 gernby-NUC13ANHi7 kernel: ACPI: LAPIC_NMI (acpi_id[0x02] high edge lint[0x1])
Mar 20 05:12:56 gernby-NUC13ANHi7 kernel: ACPI: LAPIC_NMI (acpi_id[0x03] high edge lint[0x1])
Mar 20 05:12:56 gernby-NUC13ANHi7 kernel: ACPI: LAPIC_NMI (acpi_id[0x04] high edge lint[0x1])
Mar 20 05:12:56 gernby-NUC13ANHi7 kernel: ACPI: LAPIC_NMI (acpi_id[0x05] high edge lint[0x1])
Mar 20 05:12:56 gernby-NUC13ANHi7 kernel: ACPI: LAPIC_NMI (acpi_id[0x06] high edge lint[0x1])
Mar 20 05:12:56 gernby-NUC13ANHi7 kernel: ACPI: LAPIC_NMI (acpi_id[0x07] high edge lint[0x1])
Mar 20 05:12:56 gernby-NUC13ANHi7 kernel: ACPI: LAPIC_NMI (acpi_id[0x08] high edge lint[0x1])
Mar 20 05:12:56 gernby-NUC13ANHi7 kernel: ACPI: LAPIC_NMI (acpi_id[0x09] high edge lint[0x1])
Mar 20 05:12:56 gernby-NUC13ANHi7 kernel: ACPI: LAPIC_NMI (acpi_id[0x0a] high edge lint[0x1])
Mar 20 05:12:56 gernby-NUC13ANHi7 kernel: ACPI: LAPIC_NMI (acpi_id[0x0b] high edge lint[0x1])
Mar 20 05:12:56 gernby-NUC13ANHi7 kernel: ACPI: LAPIC_NMI (acpi_id[0x0c] high edge lint[0x1])
Mar 20 05:12:56 gernby-NUC13ANHi7 kernel: ACPI: LAPIC_NMI (acpi_id[0x0d] high edge lint[0x1])
Mar 20 05:12:56 gernby-NUC13ANHi7 kernel: ACPI: LAPIC_NMI (acpi_id[0x0e] high edge lint[0x1])
Mar 20 05:12:56 gernby-NUC13ANHi7 kernel: ACPI: LAPIC_NMI (acpi_id[0x0f] high edge lint[0x1])
Mar 20 05:12:56 gernby-NUC13ANHi7 kernel: ACPI: LAPIC_NMI (acpi_id[0x10] high edge lint[0x1])
Mar 20 05:12:56 gernby-NUC13ANHi7 kernel: ACPI: LAPIC_NMI (acpi_id[0x11] high edge lint[0x1])
Mar 20 05:12:56 gernby-NUC13ANHi7 kernel: ACPI: LAPIC_NMI (acpi_id[0x12] high edge lint[0x1])
Mar 20 05:12:56 gernby-NUC13ANHi7 kernel: ACPI: LAPIC_NMI (acpi_id[0x13] high edge lint[0x1])
Mar 20 05:12:56 gernby-NUC13ANHi7 kernel: ACPI: LAPIC_NMI (acpi_id[0x14] high edge lint[0x1])
Mar 20 05:12:56 gernby-NUC13ANHi7 kernel: ACPI: LAPIC_NMI (acpi_id[0x15] high edge lint[0x1])
Mar 20 05:12:56 gernby-NUC13ANHi7 kernel: ACPI: LAPIC_NMI (acpi_id[0x16] high edge lint[0x1])
Mar 20 05:12:56 gernby-NUC13ANHi7 kernel: ACPI: LAPIC_NMI (acpi_id[0x17] high edge lint[0x1])
Mar 20 05:12:56 gernby-NUC13ANHi7 kernel: ACPI: LAPIC_NMI (acpi_id[0x00] high edge lint[0x1])
Mar 20 05:12:56 gernby-NUC13ANHi7 kernel: IOAPIC[0]: apic_id 2, version 32, address 0xfec00000, GSI 0-119
Mar 20 05:12:56 gernby-NUC13ANHi7 kernel: ACPI: INT_SRC_OVR (bus 0 bus_irq 0 global_irq 2 dfl dfl)
Mar 20 05:12:56 gernby-NUC13ANHi7 kernel: ACPI: INT_SRC_OVR (bus 0 bus_irq 9 global_irq 9 high level)
Mar 20 05:12:56 gernby-NUC13ANHi7 kernel: ACPI: Using ACPI (MADT) for SMP configuration information
Mar 20 05:12:56 gernby-NUC13ANHi7 kernel: ACPI: HPET id: 0x8086a201 base: 0xfed00000
Mar 20 05:12:56 gernby-NUC13ANHi7 kernel: e820: update [mem 0x43e3f000-0x43eddfff] usable ==> reserved
Mar 20 05:12:56 gernby-NUC13ANHi7 kernel: TSC deadline timer available
Mar 20 05:12:56 gernby-NUC13ANHi7 kernel: CPU topo: Max. logical packages:   1
Mar 20 05:12:56 gernby-NUC13ANHi7 kernel: CPU topo: Max. logical dies:       1
Mar 20 05:12:56 gernby-NUC13ANHi7 kernel: CPU topo: Max. dies per package:   1
Mar 20 05:12:56 gernby-NUC13ANHi7 kernel: CPU topo: Max. threads per core:   2
Mar 20 05:12:56 gernby-NUC13ANHi7 kernel: CPU topo: Num. cores per package:    12
Mar 20 05:12:56 gernby-NUC13ANHi7 kernel: CPU topo: Num. threads per package:  16
Mar 20 05:12:56 gernby-NUC13ANHi7 kernel: CPU topo: Allowing 16 present CPUs plus 0 hotplug CPUs
Mar 20 05:12:56 gernby-NUC13ANHi7 kernel: PM: hibernation: Registered nosave memory: [mem 0x00000000-0x00000fff]
Mar 20 05:12:56 gernby-NUC13ANHi7 kernel: PM: hibernation: Registered nosave memory: [mem 0x0009e000-0x0009efff]
Mar 20 05:12:56 gernby-NUC13ANHi7 kernel: PM: hibernation: Registered nosave memory: [mem 0x000a0000-0x000fffff]
Mar 20 05:12:56 gernby-NUC13ANHi7 kernel: PM: hibernation: Registered nosave memory: [mem 0x43e3f000-0x43eddfff]
Mar 20 05:12:56 gernby-NUC13ANHi7 kernel: PM: hibernation: Registered nosave memory: [mem 0x44018000-0x44018fff]
Mar 20 05:12:56 gernby-NUC13ANHi7 kernel: PM: hibernation: Registered nosave memory: [mem 0x4c48a000-0x553b4fff]
Mar 20 05:12:56 gernby-NUC13ANHi7 kernel: PM: hibernation: Registered nosave memory: [mem 0x553b5000-0x554c4fff]
Mar 20 05:12:56 gernby-NUC13ANHi7 kernel: PM: hibernation: Registered nosave memory: [mem 0x554c5000-0x555cefff]
Mar 20 05:12:56 gernby-NUC13ANHi7 kernel: PM: hibernation: Registered nosave memory: [mem 0x555cf000-0x597fefff]
Mar 20 05:12:56 gernby-NUC13ANHi7 kernel: PM: hibernation: Registered nosave memory: [mem 0x59800000-0x5fffffff]
Mar 20 05:12:56 gernby-NUC13ANHi7 kernel: PM: hibernation: Registered nosave memory: [mem 0x60000000-0x60bfffff]
Mar 20 05:12:56 gernby-NUC13ANHi7 kernel: PM: hibernation: Registered nosave memory: [mem 0x60c00000-0x60ffffff]
Mar 20 05:12:56 gernby-NUC13ANHi7 kernel: PM: hibernation: Registered nosave memory: [mem 0x61000000-0x61dfffff]
Mar 20 05:12:56 gernby-NUC13ANHi7 kernel: PM: hibernation: Registered nosave memory: [mem 0x61e00000-0x687fffff]
Mar 20 05:12:56 gernby-NUC13ANHi7 kernel: PM: hibernation: Registered nosave memory: [mem 0x68800000-0xfdffffff]
Mar 20 05:12:56 gernby-NUC13ANHi7 kernel: PM: hibernation: Registered nosave memory: [mem 0xfe000000-0xfe010fff]
Mar 20 05:12:56 gernby-NUC13ANHi7 kernel: PM: hibernation: Registered nosave memory: [mem 0xfe011000-0xfebfffff]
Mar 20 05:12:56 gernby-NUC13ANHi7 kernel: PM: hibernation: Registered nosave memory: [mem 0xfec00000-0xfec00fff]
Mar 20 05:12:56 gernby-NUC13ANHi7 kernel: PM: hibernation: Registered nosave memory: [mem 0xfec01000-0xfecfffff]
Mar 20 05:12:56 gernby-NUC13ANHi7 kernel: PM: hibernation: Registered nosave memory: [mem 0xfed00000-0xfed00fff]
Mar 20 05:12:56 gernby-NUC13ANHi7 kernel: PM: hibernation: Registered nosave memory: [mem 0xfed01000-0xfed1ffff]
Mar 20 05:12:56 gernby-NUC13ANHi7 kernel: PM: hibernation: Registered nosave memory: [mem 0xfed20000-0xfed7ffff]
Mar 20 05:12:56 gernby-NUC13ANHi7 kernel: PM: hibernation: Registered nosave memory: [mem 0xfed80000-0xfedfffff]
Mar 20 05:12:56 gernby-NUC13ANHi7 kernel: PM: hibernation: Registered nosave memory: [mem 0xfee00000-0xfee00fff]
Mar 20 05:12:56 gernby-NUC13ANHi7 kernel: PM: hibernation: Registered nosave memory: [mem 0xfee01000-0xffffffff]
Mar 20 05:12:56 gernby-NUC13ANHi7 kernel: [mem 0x68800000-0xfdffffff] available for PCI devices
Mar 20 05:12:56 gernby-NUC13ANHi7 kernel: Booting paravirtualized kernel on bare hardware
Mar 20 05:12:56 gernby-NUC13ANHi7 kernel: clocksource: refined-jiffies: mask: 0xffffffff max_cycles: 0xffffffff, max_idle_ns: 1910969940391419 ns
Mar 20 05:12:56 gernby-NUC13ANHi7 kernel: setup_percpu: NR_CPUS:8192 nr_cpumask_bits:16 nr_cpu_ids:16 nr_node_ids:1
Mar 20 05:12:56 gernby-NUC13ANHi7 kernel: percpu: Embedded 88 pages/cpu s237568 r8192 d114688 u524288
Mar 20 05:12:56 gernby-NUC13ANHi7 kernel: pcpu-alloc: s237568 r8192 d114688 u524288 alloc=1*2097152
Mar 20 05:12:56 gernby-NUC13ANHi7 kernel: pcpu-alloc: [0] 00 01 02 03 [0] 04 05 06 07
Mar 20 05:12:56 gernby-NUC13ANHi7 kernel: pcpu-alloc: [0] 08 09 10 11 [0] 12 13 14 15
Mar 20 05:12:56 gernby-NUC13ANHi7 kernel: Kernel command line: BOOT_IMAGE=/vmlinuz-6.11.0-19-generic root=/dev/mapper/ubuntu--vg-ubuntu--lv ro quiet splash vt.handoff=7
Mar 20 05:12:56 gernby-NUC13ANHi7 kernel: Unknown kernel command line parameters "splash BOOT_IMAGE=/vmlinuz-6.11.0-19-generic", will be passed to user space.
Mar 20 05:12:56 gernby-NUC13ANHi7 kernel: Dentry cache hash table entries: 4194304 (order: 13, 33554432 bytes, linear)
Mar 20 05:12:56 gernby-NUC13ANHi7 kernel: Inode-cache hash table entries: 2097152 (order: 12, 16777216 bytes, linear)
Mar 20 05:12:56 gernby-NUC13ANHi7 kernel: Fallback order for Node 0: 0
Mar 20 05:12:56 gernby-NUC13ANHi7 kernel: Built 1 zonelists, mobility grouping on.  Total pages: 8272937
Mar 20 05:12:56 gernby-NUC13ANHi7 kernel: Policy zone: Normal
Mar 20 05:12:56 gernby-NUC13ANHi7 kernel: mem auto-init: stack:all(zero), heap alloc:on, heap free:off
Mar 20 05:12:56 gernby-NUC13ANHi7 kernel: software IO TLB: area num 16.
Mar 20 05:12:56 gernby-NUC13ANHi7 kernel: SLUB: HWalign=64, Order=0-3, MinObjects=0, CPUs=16, Nodes=1
Mar 20 05:12:56 gernby-NUC13ANHi7 kernel: ftrace: allocating 59347 entries in 232 pages
Mar 20 05:12:56 gernby-NUC13ANHi7 kernel: ftrace: allocated 232 pages with 4 groups
Mar 20 05:12:56 gernby-NUC13ANHi7 kernel: Dynamic Preempt: voluntary
Mar 20 05:12:56 gernby-NUC13ANHi7 kernel: rcu: Preemptible hierarchical RCU implementation.
Mar 20 05:12:56 gernby-NUC13ANHi7 kernel: rcu:         RCU restricting CPUs from NR_CPUS=8192 to nr_cpu_ids=16.
Mar 20 05:12:56 gernby-NUC13ANHi7 kernel:         Trampoline variant of Tasks RCU enabled.
Mar 20 05:12:56 gernby-NUC13ANHi7 kernel:         Rude variant of Tasks RCU enabled.
Mar 20 05:12:56 gernby-NUC13ANHi7 kernel:         Tracing variant of Tasks RCU enabled.
Mar 20 05:12:56 gernby-NUC13ANHi7 kernel: rcu: RCU calculated value of scheduler-enlistment delay is 100 jiffies.
Mar 20 05:12:56 gernby-NUC13ANHi7 kernel: rcu: Adjusting geometry for rcu_fanout_leaf=16, nr_cpu_ids=16
Mar 20 05:12:56 gernby-NUC13ANHi7 kernel: RCU Tasks: Setting shift to 4 and lim to 1 rcu_task_cb_adjust=1 rcu_task_cpu_ids=16.
Mar 20 05:12:56 gernby-NUC13ANHi7 kernel: RCU Tasks Rude: Setting shift to 4 and lim to 1 rcu_task_cb_adjust=1 rcu_task_cpu_ids=16.
Mar 20 05:12:56 gernby-NUC13ANHi7 kernel: RCU Tasks Trace: Setting shift to 4 and lim to 1 rcu_task_cb_adjust=1 rcu_task_cpu_ids=16.
Mar 20 05:12:56 gernby-NUC13ANHi7 kernel: NR_IRQS: 524544, nr_irqs: 2184, preallocated irqs: 16
Mar 20 05:12:56 gernby-NUC13ANHi7 kernel: rcu: srcu_init: Setting srcu_struct sizes based on contention.
Mar 20 05:12:56 gernby-NUC13ANHi7 kernel: Console: colour dummy device 80x25
Mar 20 05:12:56 gernby-NUC13ANHi7 kernel: printk: legacy console [tty0] enabled
Mar 20 05:12:56 gernby-NUC13ANHi7 kernel: ACPI: Core revision 20240322
Mar 20 05:12:56 gernby-NUC13ANHi7 kernel: hpet: HPET dysfunctional in PC10. Force disabled.
Mar 20 05:12:56 gernby-NUC13ANHi7 kernel: APIC: Switch to symmetric I/O mode setup
Mar 20 05:12:56 gernby-NUC13ANHi7 kernel: DMAR: Host address width 39
Mar 20 05:12:56 gernby-NUC13ANHi7 kernel: DMAR: DRHD base: 0x000000fed90000 flags: 0x0
Mar 20 05:12:56 gernby-NUC13ANHi7 kernel: DMAR: dmar0: reg_base_addr fed90000 ver 4:0 cap 1c0000c40660462 ecap 29a00f0505e
Mar 20 05:12:56 gernby-NUC13ANHi7 kernel: DMAR: DRHD base: 0x000000fed91000 flags: 0x1
Mar 20 05:12:56 gernby-NUC13ANHi7 kernel: DMAR: dmar1: reg_base_addr fed91000 ver 5:0 cap d2008c40660462 ecap f050da
Mar 20 05:12:56 gernby-NUC13ANHi7 kernel: DMAR: RMRR base: 0x00000064000000 end: 0x000000687fffff
Mar 20 05:12:56 gernby-NUC13ANHi7 kernel: DMAR-IR: IOAPIC id 2 under DRHD base  0xfed91000 IOMMU 1
Mar 20 05:12:56 gernby-NUC13ANHi7 kernel: DMAR-IR: HPET id 0 under DRHD base 0xfed91000
Mar 20 05:12:56 gernby-NUC13ANHi7 kernel: DMAR-IR: Queued invalidation will be enabled to support x2apic and Intr-remapping.
Mar 20 05:12:56 gernby-NUC13ANHi7 kernel: DMAR-IR: Enabled IRQ remapping in x2apic mode
Mar 20 05:12:56 gernby-NUC13ANHi7 kernel: x2apic enabled
Mar 20 05:12:56 gernby-NUC13ANHi7 kernel: APIC: Switched APIC routing to: cluster x2apic
Mar 20 05:12:56 gernby-NUC13ANHi7 kernel: clocksource: tsc-early: mask: 0xffffffffffffffff max_cycles: 0x25a39079a08, max_idle_ns: 440795310461 ns
Mar 20 05:12:56 gernby-NUC13ANHi7 kernel: Calibrating delay loop (skipped), value calculated using timer frequency.. 5222.40 BogoMIPS (lpj=2611200)
Mar 20 05:12:56 gernby-NUC13ANHi7 kernel: CPU0: Thermal monitoring enabled (TM1)
Mar 20 05:12:56 gernby-NUC13ANHi7 kernel: x86/cpu: User Mode Instruction Prevention (UMIP) activated
Mar 20 05:12:56 gernby-NUC13ANHi7 kernel: Last level iTLB entries: 4KB 0, 2MB 0, 4MB 0
Mar 20 05:12:56 gernby-NUC13ANHi7 kernel: Last level dTLB entries: 4KB 0, 2MB 0, 4MB 0, 1GB 0
Mar 20 05:12:56 gernby-NUC13ANHi7 kernel: process: using mwait in idle threads
Mar 20 05:12:56 gernby-NUC13ANHi7 kernel: Spectre V1 : Mitigation: usercopy/swapgs barriers and __user pointer sanitization
Mar 20 05:12:56 gernby-NUC13ANHi7 kernel: Spectre V2 : Mitigation: Enhanced / Automatic IBRS
Mar 20 05:12:56 gernby-NUC13ANHi7 kernel: Spectre V2 : Spectre v2 / SpectreRSB mitigation: Filling RSB on context switch
Mar 20 05:12:56 gernby-NUC13ANHi7 kernel: Spectre V2 : Spectre v2 / PBRSB-eIBRS: Retire a single CALL on VMEXIT
Mar 20 05:12:56 gernby-NUC13ANHi7 kernel: Spectre V2 : mitigation: Enabling conditional Indirect Branch Prediction Barrier
Mar 20 05:12:56 gernby-NUC13ANHi7 kernel: Speculative Store Bypass: Mitigation: Speculative Store Bypass disabled via prctl
Mar 20 05:12:56 gernby-NUC13ANHi7 kernel: Register File Data Sampling: Mitigation: Clear Register File
Mar 20 05:12:56 gernby-NUC13ANHi7 kernel: x86/fpu: Supporting XSAVE feature 0x001: 'x87 floating point registers'
Mar 20 05:12:56 gernby-NUC13ANHi7 kernel: x86/fpu: Supporting XSAVE feature 0x002: 'SSE registers'
Mar 20 05:12:56 gernby-NUC13ANHi7 kernel: x86/fpu: Supporting XSAVE feature 0x004: 'AVX registers'
Mar 20 05:12:56 gernby-NUC13ANHi7 kernel: x86/fpu: Supporting XSAVE feature 0x200: 'Protection Keys User registers'
Mar 20 05:12:56 gernby-NUC13ANHi7 kernel: x86/fpu: Supporting XSAVE feature 0x800: 'Control-flow User registers'
Mar 20 05:12:56 gernby-NUC13ANHi7 kernel: x86/fpu: xstate_offset[2]:  576, xstate_sizes[2]:  256
Mar 20 05:12:56 gernby-NUC13ANHi7 kernel: x86/fpu: xstate_offset[9]:  832, xstate_sizes[9]:    8
Mar 20 05:12:56 gernby-NUC13ANHi7 kernel: x86/fpu: xstate_offset[11]:  840, xstate_sizes[11]:   16
Mar 20 05:12:56 gernby-NUC13ANHi7 kernel: x86/fpu: Enabled xstate features 0xa07, context size is 856 bytes, using 'compacted' format.
Mar 20 05:12:56 gernby-NUC13ANHi7 kernel: Freeing SMP alternatives memory: 48K
Mar 20 05:12:56 gernby-NUC13ANHi7 kernel: pid_max: default: 32768 minimum: 301
Mar 20 05:12:56 gernby-NUC13ANHi7 kernel: LSM: initializing lsm=lockdown,capability,landlock,yama,apparmor,ima,evm
Mar 20 05:12:56 gernby-NUC13ANHi7 kernel: landlock: Up and running.
Mar 20 05:12:56 gernby-NUC13ANHi7 kernel: Yama: becoming mindful.
Mar 20 05:12:56 gernby-NUC13ANHi7 kernel: AppArmor: AppArmor initialized
Mar 20 05:12:56 gernby-NUC13ANHi7 kernel: Mount-cache hash table entries: 65536 (order: 7, 524288 bytes, linear)
Mar 20 05:12:56 gernby-NUC13ANHi7 kernel: Mountpoint-cache hash table entries: 65536 (order: 7, 524288 bytes, linear)
Mar 20 05:12:56 gernby-NUC13ANHi7 kernel: smpboot: CPU0: 13th Gen Intel(R) Core(TM) i7-1360P (family: 0x6, model: 0xba, stepping: 0x2)
Mar 20 05:12:56 gernby-NUC13ANHi7 kernel: Performance Events: XSAVE Architectural LBR, PEBS fmt4+-baseline,  AnyThread deprecated, Alderlake Hybrid events, 32-deep LBR, full-width counters, Intel PMU driver.
Mar 20 05:12:56 gernby-NUC13ANHi7 kernel: core: cpu_core PMU driver:
Mar 20 05:12:56 gernby-NUC13ANHi7 kernel: ... version:                5
Mar 20 05:12:56 gernby-NUC13ANHi7 kernel: ... bit width:              48
Mar 20 05:12:56 gernby-NUC13ANHi7 kernel: ... generic registers:      8
Mar 20 05:12:56 gernby-NUC13ANHi7 kernel: ... value mask:             0000ffffffffffff
Mar 20 05:12:56 gernby-NUC13ANHi7 kernel: ... max period:             00007fffffffffff
Mar 20 05:12:56 gernby-NUC13ANHi7 kernel: ... fixed-purpose events:   4
Mar 20 05:12:56 gernby-NUC13ANHi7 kernel: ... event mask:             0001000f000000ff
Mar 20 05:12:56 gernby-NUC13ANHi7 kernel: signal: max sigframe size: 3632
Mar 20 05:12:56 gernby-NUC13ANHi7 kernel: Estimated ratio of average max frequency by base frequency (times 1024): 1772
Mar 20 05:12:56 gernby-NUC13ANHi7 kernel: rcu: Hierarchical SRCU implementation.
Mar 20 05:12:56 gernby-NUC13ANHi7 kernel: rcu:         Max phase no-delay instances is 400.
Mar 20 05:12:56 gernby-NUC13ANHi7 kernel: Timer migration: 2 hierarchy levels; 8 children per group; 2 crossnode level
Mar 20 05:12:56 gernby-NUC13ANHi7 kernel: NMI watchdog: Enabled. Permanently consumes one hw-PMU counter.
Mar 20 05:12:56 gernby-NUC13ANHi7 kernel: smp: Bringing up secondary CPUs ...
Mar 20 05:12:56 gernby-NUC13ANHi7 kernel: smpboot: x86: Booting SMP configuration:
Mar 20 05:12:56 gernby-NUC13ANHi7 kernel: .... node  #0, CPUs:        #2  #4  #6  #8  #9 #10 #11 #12 #13 #14 #15
Mar 20 05:12:56 gernby-NUC13ANHi7 kernel: core: cpu_atom PMU driver: PEBS-via-PT
Mar 20 05:12:56 gernby-NUC13ANHi7 kernel: ... version:                5
Mar 20 05:12:56 gernby-NUC13ANHi7 kernel: ... bit width:              48
Mar 20 05:12:56 gernby-NUC13ANHi7 kernel: ... generic registers:      6
Mar 20 05:12:56 gernby-NUC13ANHi7 kernel: ... value mask:             0000ffffffffffff
Mar 20 05:12:56 gernby-NUC13ANHi7 kernel: ... max period:             00007fffffffffff
Mar 20 05:12:56 gernby-NUC13ANHi7 kernel: ... fixed-purpose events:   3
Mar 20 05:12:56 gernby-NUC13ANHi7 kernel: ... event mask:             000000070000003f
Mar 20 05:12:56 gernby-NUC13ANHi7 kernel:   #1  #3  #5  #7
Mar 20 05:12:56 gernby-NUC13ANHi7 kernel: smp: Brought up 1 node, 16 CPUs
Mar 20 05:12:56 gernby-NUC13ANHi7 kernel: smpboot: Total of 16 processors activated (83558.40 BogoMIPS)
Mar 20 05:12:56 gernby-NUC13ANHi7 kernel: Memory: 32295076K/33091748K available (22528K kernel code, 4523K rwdata, 14956K rodata, 4960K init, 4660K bss, 767404K reserved, 0K cma-reserved)
Mar 20 05:12:56 gernby-NUC13ANHi7 kernel: devtmpfs: initialized
Mar 20 05:12:56 gernby-NUC13ANHi7 kernel: x86/mm: Memory block size: 128MB
Mar 20 05:12:56 gernby-NUC13ANHi7 kernel: ACPI: PM: Registering ACPI NVS region [mem 0x554c5000-0x555cefff] (1089536 bytes)
Mar 20 05:12:56 gernby-NUC13ANHi7 kernel: clocksource: jiffies: mask: 0xffffffff max_cycles: 0xffffffff, max_idle_ns: 1911260446275000 ns
Mar 20 05:12:56 gernby-NUC13ANHi7 kernel: futex hash table entries: 4096 (order: 6, 262144 bytes, linear)
Mar 20 05:12:56 gernby-NUC13ANHi7 kernel: pinctrl core: initialized pinctrl subsystem
Mar 20 05:12:56 gernby-NUC13ANHi7 kernel: PM: RTC time: 10:12:53, date: 2025-03-20
Mar 20 05:12:56 gernby-NUC13ANHi7 kernel: NET: Registered PF_NETLINK/PF_ROUTE protocol family
Mar 20 05:12:56 gernby-NUC13ANHi7 kernel: DMA: preallocated 4096 KiB GFP_KERNEL pool for atomic allocations
Mar 20 05:12:56 gernby-NUC13ANHi7 kernel: DMA: preallocated 4096 KiB GFP_KERNEL|GFP_DMA pool for atomic allocations
Mar 20 05:12:56 gernby-NUC13ANHi7 kernel: DMA: preallocated 4096 KiB GFP_KERNEL|GFP_DMA32 pool for atomic allocations
Mar 20 05:12:56 gernby-NUC13ANHi7 kernel: audit: initializing netlink subsys (disabled)
Mar 20 05:12:56 gernby-NUC13ANHi7 kernel: audit: type=2000 audit(1742465573.018:1): state=initialized audit_enabled=0 res=1
Mar 20 05:12:56 gernby-NUC13ANHi7 kernel: thermal_sys: Registered thermal governor 'fair_share'
Mar 20 05:12:56 gernby-NUC13ANHi7 kernel: thermal_sys: Registered thermal governor 'bang_bang'
Mar 20 05:12:56 gernby-NUC13ANHi7 kernel: thermal_sys: Registered thermal governor 'step_wise'
Mar 20 05:12:56 gernby-NUC13ANHi7 kernel: thermal_sys: Registered thermal governor 'user_space'
Mar 20 05:12:56 gernby-NUC13ANHi7 kernel: thermal_sys: Registered thermal governor 'power_allocator'
Mar 20 05:12:56 gernby-NUC13ANHi7 kernel: EISA bus registered
Mar 20 05:12:56 gernby-NUC13ANHi7 kernel: cpuidle: using governor ladder
Mar 20 05:12:56 gernby-NUC13ANHi7 kernel: cpuidle: using governor menu
Mar 20 05:12:56 gernby-NUC13ANHi7 kernel: acpiphp: ACPI Hot Plug PCI Controller Driver version: 0.5
Mar 20 05:12:56 gernby-NUC13ANHi7 kernel: PCI: ECAM [mem 0xc0000000-0xcfffffff] (base 0xc0000000) for domain 0000 [bus 00-ff]
Mar 20 05:12:56 gernby-NUC13ANHi7 kernel: PCI: Using configuration type 1 for base access
Mar 20 05:12:56 gernby-NUC13ANHi7 kernel: kprobes: kprobe jump-optimization is enabled. All kprobes are optimized if possible.
Mar 20 05:12:56 gernby-NUC13ANHi7 kernel: HugeTLB: registered 1.00 GiB page size, pre-allocated 0 pages
Mar 20 05:12:56 gernby-NUC13ANHi7 kernel: HugeTLB: 16380 KiB vmemmap can be freed for a 1.00 GiB page
Mar 20 05:12:56 gernby-NUC13ANHi7 kernel: HugeTLB: registered 2.00 MiB page size, pre-allocated 0 pages
Mar 20 05:12:56 gernby-NUC13ANHi7 kernel: HugeTLB: 28 KiB vmemmap can be freed for a 2.00 MiB page
Mar 20 05:12:56 gernby-NUC13ANHi7 kernel: ACPI: Added _OSI(Module Device)
Mar 20 05:12:56 gernby-NUC13ANHi7 kernel: ACPI: Added _OSI(Processor Device)
Mar 20 05:12:56 gernby-NUC13ANHi7 kernel: ACPI: Added _OSI(3.0 _SCP Extensions)
Mar 20 05:12:56 gernby-NUC13ANHi7 kernel: ACPI: Added _OSI(Processor Aggregator Device)
Mar 20 05:12:56 gernby-NUC13ANHi7 kernel: ACPI: 15 ACPI AML tables successfully acquired and loaded
Mar 20 05:12:56 gernby-NUC13ANHi7 kernel: ACPI: USB4 _OSC: OS supports USB3+ DisplayPort+ PCIe+ XDomain+
Mar 20 05:12:56 gernby-NUC13ANHi7 kernel: ACPI: USB4 _OSC: OS controls USB3+ DisplayPort+ PCIe+ XDomain+
Mar 20 05:12:56 gernby-NUC13ANHi7 kernel: ACPI: Dynamic OEM Table Load:
Mar 20 05:12:56 gernby-NUC13ANHi7 kernel: ACPI: SSDT 0xFFFF8F12017C7C00 000394 (v02 PmRef  Cpu0Cst  00003001 INTL 20200717)
Mar 20 05:12:56 gernby-NUC13ANHi7 kernel: ACPI: Dynamic OEM Table Load:
Mar 20 05:12:56 gernby-NUC13ANHi7 kernel: ACPI: SSDT 0xFFFF8F1202CBA800 000605 (v02 PmRef  Cpu0Ist  00003000 INTL 20200717)
Mar 20 05:12:56 gernby-NUC13ANHi7 kernel: ACPI: Dynamic OEM Table Load:
Mar 20 05:12:56 gernby-NUC13ANHi7 kernel: ACPI: SSDT 0xFFFF8F1202C7DC00 0001AB (v02 PmRef  Cpu0Psd  00003000 INTL 20200717)
Mar 20 05:12:56 gernby-NUC13ANHi7 kernel: ACPI: Dynamic OEM Table Load:
Mar 20 05:12:56 gernby-NUC13ANHi7 kernel: ACPI: SSDT 0xFFFF8F1202CB8000 0004B5 (v02 PmRef  Cpu0Hwp  00003000 INTL 20200717)
Mar 20 05:12:56 gernby-NUC13ANHi7 kernel: ACPI: Dynamic OEM Table Load:
Mar 20 05:12:56 gernby-NUC13ANHi7 kernel: ACPI: SSDT 0xFFFF8F1202CC0000 001BAF (v02 PmRef  ApIst    00003000 INTL 20200717)
Mar 20 05:12:56 gernby-NUC13ANHi7 kernel: ACPI: Dynamic OEM Table Load:
Mar 20 05:12:56 gernby-NUC13ANHi7 kernel: ACPI: SSDT 0xFFFF8F1202CC2000 001038 (v02 PmRef  ApHwp    00003000 INTL 20200717)
Mar 20 05:12:56 gernby-NUC13ANHi7 kernel: ACPI: Dynamic OEM Table Load:
Mar 20 05:12:56 gernby-NUC13ANHi7 kernel: ACPI: SSDT 0xFFFF8F1202CC6000 001349 (v02 PmRef  ApPsd    00003000 INTL 20200717)
Mar 20 05:12:56 gernby-NUC13ANHi7 kernel: ACPI: Dynamic OEM Table Load:
Mar 20 05:12:56 gernby-NUC13ANHi7 kernel: ACPI: SSDT 0xFFFF8F1202CD3000 000FBB (v02 PmRef  ApCst    00003000 INTL 20200717)
Mar 20 05:12:56 gernby-NUC13ANHi7 kernel: ACPI: EC: EC started
Mar 20 05:12:56 gernby-NUC13ANHi7 kernel: ACPI: EC: interrupt blocked
Mar 20 05:12:56 gernby-NUC13ANHi7 kernel: ACPI: EC: EC_CMD/EC_SC=0x66, EC_DATA=0x62
Mar 20 05:12:56 gernby-NUC13ANHi7 kernel: ACPI: \_SB_.PC00.LPCB.EC0_: Boot DSDT EC used to handle transactions
Mar 20 05:12:56 gernby-NUC13ANHi7 kernel: ACPI: Interpreter enabled
Mar 20 05:12:56 gernby-NUC13ANHi7 kernel: ACPI: PM: (supports S0 S3 S4 S5)
Mar 20 05:12:56 gernby-NUC13ANHi7 kernel: ACPI: Using IOAPIC for interrupt routing
Mar 20 05:12:56 gernby-NUC13ANHi7 kernel: PCI: Using host bridge windows from ACPI; if necessary, use "pci=nocrs" and report a bug
Mar 20 05:12:56 gernby-NUC13ANHi7 kernel: PCI: Ignoring E820 reservations for host bridge windows
Mar 20 05:12:56 gernby-NUC13ANHi7 kernel: ACPI: Enabled 9 GPEs in block 00 to 7F
Mar 20 05:12:56 gernby-NUC13ANHi7 kernel: ACPI: \_SB_.PC00.PEG0.PXP_: New power resource
Mar 20 05:12:56 gernby-NUC13ANHi7 kernel: ACPI: \_SB_.PC00.RP09.PXP_: New power resource
Mar 20 05:12:56 gernby-NUC13ANHi7 kernel: ACPI: \_SB_.PC00.XHCI.RHUB.HS10.BTRT: New power resource
Mar 20 05:12:56 gernby-NUC13ANHi7 kernel: ACPI: \_SB_.PC00.PAUD: New power resource
Mar 20 05:12:56 gernby-NUC13ANHi7 kernel: ACPI: \_SB_.PC00.CNVW.WRST: New power resource
Mar 20 05:12:56 gernby-NUC13ANHi7 kernel: ACPI: \_SB_.PC00.TBT0: New power resource
Mar 20 05:12:56 gernby-NUC13ANHi7 kernel: ACPI: \_SB_.PC00.TBT1: New power resource
Mar 20 05:12:56 gernby-NUC13ANHi7 kernel: ACPI: \_SB_.PC00.D3C_: New power resource
Mar 20 05:12:56 gernby-NUC13ANHi7 kernel: ACPI: \_TZ_.FN00: New power resource
Mar 20 05:12:56 gernby-NUC13ANHi7 kernel: ACPI: \_TZ_.FN01: New power resource
Mar 20 05:12:56 gernby-NUC13ANHi7 kernel: ACPI: \_TZ_.FN02: New power resource
Mar 20 05:12:56 gernby-NUC13ANHi7 kernel: ACPI: \_TZ_.FN03: New power resource
Mar 20 05:12:56 gernby-NUC13ANHi7 kernel: ACPI: \_TZ_.FN04: New power resource
Mar 20 05:12:56 gernby-NUC13ANHi7 kernel: ACPI: \PIN_: New power resource
Mar 20 05:12:56 gernby-NUC13ANHi7 kernel: ACPI: PCI Root Bridge [PC00] (domain 0000 [bus 00-fe])
Mar 20 05:12:56 gernby-NUC13ANHi7 kernel: acpi PNP0A08:00: _OSC: OS supports [ExtendedConfig ASPM ClockPM Segments MSI EDR HPX-Type3]
Mar 20 05:12:56 gernby-NUC13ANHi7 kernel: acpi PNP0A08:00: _OSC: platform does not support [AER]
Mar 20 05:12:56 gernby-NUC13ANHi7 kernel: acpi PNP0A08:00: _OSC: OS now controls [PCIeHotplug SHPCHotplug PME PCIeCapability LTR DPC]
Mar 20 05:12:56 gernby-NUC13ANHi7 kernel: PCI host bridge to bus 0000:00
Mar 20 05:12:56 gernby-NUC13ANHi7 kernel: pci_bus 0000:00: root bus resource [io  0x0000-0x0cf7 window]
Mar 20 05:12:56 gernby-NUC13ANHi7 kernel: pci_bus 0000:00: root bus resource [io  0x0d00-0xffff window]
Mar 20 05:12:56 gernby-NUC13ANHi7 kernel: pci_bus 0000:00: root bus resource [mem 0x000a0000-0x000bffff window]
Mar 20 05:12:56 gernby-NUC13ANHi7 kernel: pci_bus 0000:00: root bus resource [mem 0x000e0000-0x000fffff window]
Mar 20 05:12:56 gernby-NUC13ANHi7 kernel: pci_bus 0000:00: root bus resource [mem 0x68800000-0xbfffffff window]
Mar 20 05:12:56 gernby-NUC13ANHi7 kernel: pci_bus 0000:00: root bus resource [mem 0x4000000000-0x7fffffffff window]
Mar 20 05:12:56 gernby-NUC13ANHi7 kernel: pci_bus 0000:00: root bus resource [bus 00-fe]
Mar 20 05:12:56 gernby-NUC13ANHi7 kernel: pci 0000:00:00.0: [8086:a707] type 00 class 0x060000 conventional PCI endpoint
Mar 20 05:12:56 gernby-NUC13ANHi7 kernel: pci 0000:00:02.0: [8086:a7a0] type 00 class 0x030000 PCIe Root Complex Integrated Endpoint
Mar 20 05:12:56 gernby-NUC13ANHi7 kernel: pci 0000:00:02.0: BAR 0 [mem 0x6123000000-0x6123ffffff 64bit]
Mar 20 05:12:56 gernby-NUC13ANHi7 kernel: pci 0000:00:02.0: BAR 2 [mem 0x4000000000-0x400fffffff 64bit pref]
Mar 20 05:12:56 gernby-NUC13ANHi7 kernel: pci 0000:00:02.0: BAR 4 [io  0x3000-0x303f]
Mar 20 05:12:56 gernby-NUC13ANHi7 kernel: pci 0000:00:02.0: DMAR: Skip IOMMU disabling for graphics
Mar 20 05:12:56 gernby-NUC13ANHi7 kernel: pci 0000:00:02.0: Video device with shadowed ROM at [mem 0x000c0000-0x000dffff]
Mar 20 05:12:56 gernby-NUC13ANHi7 kernel: pci 0000:00:02.0: VF BAR 0 [mem 0x611c000000-0x611cffffff 64bit]
Mar 20 05:12:56 gernby-NUC13ANHi7 kernel: pci 0000:00:02.0: VF BAR 0 [mem 0x611c000000-0x6122ffffff 64bit]: contains BAR 0 for 7 VFs
Mar 20 05:12:56 gernby-NUC13ANHi7 kernel: pci 0000:00:02.0: VF BAR 2 [mem 0x6000000000-0x601fffffff 64bit pref]
Mar 20 05:12:56 gernby-NUC13ANHi7 kernel: pci 0000:00:02.0: VF BAR 2 [mem 0x6000000000-0x60dfffffff 64bit pref]: contains BAR 2 for 7 VFs
Mar 20 05:12:56 gernby-NUC13ANHi7 kernel: pci 0000:00:06.0: [8086:a74d] type 01 class 0x060400 PCIe Root Port
Mar 20 05:12:56 gernby-NUC13ANHi7 kernel: pci 0000:00:06.0: PCI bridge to [bus 01]
Mar 20 05:12:56 gernby-NUC13ANHi7 kernel: pci 0000:00:06.0:   bridge window [mem 0x84400000-0x844fffff]
Mar 20 05:12:56 gernby-NUC13ANHi7 kernel: pci 0000:00:06.0: PME# supported from D0 D3hot D3cold
Mar 20 05:12:56 gernby-NUC13ANHi7 kernel: pci 0000:00:06.0: PTM enabled (root), 4ns granularity
Mar 20 05:12:56 gernby-NUC13ANHi7 kernel: pci 0000:00:07.0: [8086:a76e] type 01 class 0x060400 PCIe Root Port
Mar 20 05:12:56 gernby-NUC13ANHi7 kernel: pci 0000:00:07.0: PCI bridge to [bus 02-2b]
Mar 20 05:12:56 gernby-NUC13ANHi7 kernel: pci 0000:00:07.0:   bridge window [mem 0x78000000-0x841fffff]
Mar 20 05:12:56 gernby-NUC13ANHi7 kernel: pci 0000:00:07.0:   bridge window [mem 0x6100000000-0x611bffffff 64bit pref]
Mar 20 05:12:56 gernby-NUC13ANHi7 kernel: pci 0000:00:07.0: Overriding RP PIO Log Size to 4
Mar 20 05:12:56 gernby-NUC13ANHi7 kernel: pci 0000:00:07.0: PME# supported from D0 D3hot D3cold
Mar 20 05:12:56 gernby-NUC13ANHi7 kernel: pci 0000:00:07.0: PTM enabled (root), 4ns granularity
Mar 20 05:12:56 gernby-NUC13ANHi7 kernel: pci 0000:00:07.2: [8086:a72f] type 01 class 0x060400 PCIe Root Port
Mar 20 05:12:56 gernby-NUC13ANHi7 kernel: pci 0000:00:07.2: PCI bridge to [bus 2c-55]
Mar 20 05:12:56 gernby-NUC13ANHi7 kernel: pci 0000:00:07.2:   bridge window [mem 0x6a000000-0x761fffff]
Mar 20 05:12:56 gernby-NUC13ANHi7 kernel: pci 0000:00:07.2:   bridge window [mem 0x60e0000000-0x60fbffffff 64bit pref]
Mar 20 05:12:56 gernby-NUC13ANHi7 kernel: pci 0000:00:07.2: PME# supported from D0 D3hot D3cold
Mar 20 05:12:56 gernby-NUC13ANHi7 kernel: pci 0000:00:07.2: PTM enabled (root), 4ns granularity
Mar 20 05:12:56 gernby-NUC13ANHi7 kernel: pci 0000:00:07.2: DPC: RP PIO log size 0 is invalid
Mar 20 05:12:56 gernby-NUC13ANHi7 kernel: pci 0000:00:08.0: [8086:a74f] type 00 class 0x088000 conventional PCI endpoint
Mar 20 05:12:56 gernby-NUC13ANHi7 kernel: pci 0000:00:08.0: BAR 0 [mem 0x61241c3000-0x61241c3fff 64bit]
Mar 20 05:12:56 gernby-NUC13ANHi7 kernel: pci 0000:00:0a.0: [8086:a77d] type 00 class 0x118000 PCIe Root Complex Integrated Endpoint
Mar 20 05:12:56 gernby-NUC13ANHi7 kernel: pci 0000:00:0a.0: BAR 0 [mem 0x61241a0000-0x61241a7fff 64bit]
Mar 20 05:12:56 gernby-NUC13ANHi7 kernel: pci 0000:00:0a.0: enabling Extended Tags
Mar 20 05:12:56 gernby-NUC13ANHi7 kernel: pci 0000:00:0d.0: [8086:a71e] type 00 class 0x0c0330 conventional PCI endpoint
Mar 20 05:12:56 gernby-NUC13ANHi7 kernel: pci 0000:00:0d.0: BAR 0 [mem 0x6124190000-0x612419ffff 64bit]
Mar 20 05:12:56 gernby-NUC13ANHi7 kernel: pci 0000:00:0d.0: PME# supported from D3hot D3cold
Mar 20 05:12:56 gernby-NUC13ANHi7 kernel: pci 0000:00:0d.2: [8086:a73e] type 00 class 0x0c0340 conventional PCI endpoint
Mar 20 05:12:56 gernby-NUC13ANHi7 kernel: pci 0000:00:0d.2: BAR 0 [mem 0x6124140000-0x612417ffff 64bit]
Mar 20 05:12:56 gernby-NUC13ANHi7 kernel: pci 0000:00:0d.2: BAR 2 [mem 0x61241c2000-0x61241c2fff 64bit]
Mar 20 05:12:56 gernby-NUC13ANHi7 kernel: pci 0000:00:0d.2: supports D1 D2
Mar 20 05:12:56 gernby-NUC13ANHi7 kernel: pci 0000:00:0d.2: PME# supported from D0 D1 D2 D3hot D3cold
Mar 20 05:12:56 gernby-NUC13ANHi7 kernel: pci 0000:00:0d.3: [8086:a76d] type 00 class 0x0c0340 conventional PCI endpoint
Mar 20 05:12:56 gernby-NUC13ANHi7 kernel: pci 0000:00:0d.3: BAR 0 [mem 0x6124100000-0x612413ffff 64bit]
Mar 20 05:12:56 gernby-NUC13ANHi7 kernel: pci 0000:00:0d.3: BAR 2 [mem 0x61241c1000-0x61241c1fff 64bit]
Mar 20 05:12:56 gernby-NUC13ANHi7 kernel: pci 0000:00:0d.3: supports D1 D2
Mar 20 05:12:56 gernby-NUC13ANHi7 kernel: pci 0000:00:0d.3: PME# supported from D0 D1 D2 D3hot D3cold
Mar 20 05:12:56 gernby-NUC13ANHi7 kernel: pci 0000:00:14.0: [8086:51ed] type 00 class 0x0c0330 conventional PCI endpoint
Mar 20 05:12:56 gernby-NUC13ANHi7 kernel: pci 0000:00:14.0: BAR 0 [mem 0x6124180000-0x612418ffff 64bit]
Mar 20 05:12:56 gernby-NUC13ANHi7 kernel: pci 0000:00:14.0: PME# supported from D3hot D3cold
Mar 20 05:12:56 gernby-NUC13ANHi7 kernel: pci 0000:00:14.2: [8086:51ef] type 00 class 0x050000 conventional PCI endpoint
Mar 20 05:12:56 gernby-NUC13ANHi7 kernel: pci 0000:00:14.2: BAR 0 [mem 0x61241b8000-0x61241bbfff 64bit]
Mar 20 05:12:56 gernby-NUC13ANHi7 kernel: pci 0000:00:14.2: BAR 2 [mem 0x61241c0000-0x61241c0fff 64bit]
Mar 20 05:12:56 gernby-NUC13ANHi7 kernel: pci 0000:00:14.3: [8086:51f1] type 00 class 0x028000 PCIe Root Complex Integrated Endpoint
Mar 20 05:12:56 gernby-NUC13ANHi7 kernel: pci 0000:00:14.3: BAR 0 [mem 0x61241b4000-0x61241b7fff 64bit]
Mar 20 05:12:56 gernby-NUC13ANHi7 kernel: pci 0000:00:14.3: PME# supported from D0 D3hot D3cold
Mar 20 05:12:56 gernby-NUC13ANHi7 kernel: pci 0000:00:15.0: [8086:51e8] type 00 class 0x0c8000 conventional PCI endpoint
Mar 20 05:12:56 gernby-NUC13ANHi7 kernel: pci 0000:00:15.0: BAR 0 [mem 0x00000000-0x00000fff 64bit]
Mar 20 05:12:56 gernby-NUC13ANHi7 kernel: pci 0000:00:15.1: [8086:51e9] type 00 class 0x0c8000 conventional PCI endpoint
Mar 20 05:12:56 gernby-NUC13ANHi7 kernel: pci 0000:00:15.1: BAR 0 [mem 0x00000000-0x00000fff 64bit]
Mar 20 05:12:56 gernby-NUC13ANHi7 kernel: pci 0000:00:16.0: [8086:51e0] type 00 class 0x078000 conventional PCI endpoint
Mar 20 05:12:56 gernby-NUC13ANHi7 kernel: pci 0000:00:16.0: BAR 0 [mem 0x61241bd000-0x61241bdfff 64bit]
Mar 20 05:12:56 gernby-NUC13ANHi7 kernel: pci 0000:00:16.0: PME# supported from D3hot
Mar 20 05:12:56 gernby-NUC13ANHi7 kernel: pci 0000:00:17.0: [8086:51d3] type 00 class 0x010601 conventional PCI endpoint
Mar 20 05:12:56 gernby-NUC13ANHi7 kernel: pci 0000:00:17.0: BAR 0 [mem 0x84500000-0x84501fff]
Mar 20 05:12:56 gernby-NUC13ANHi7 kernel: pci 0000:00:17.0: BAR 1 [mem 0x84503000-0x845030ff]
Mar 20 05:12:56 gernby-NUC13ANHi7 kernel: pci 0000:00:17.0: BAR 2 [io  0x3090-0x3097]
Mar 20 05:12:56 gernby-NUC13ANHi7 kernel: pci 0000:00:17.0: BAR 3 [io  0x3080-0x3083]
Mar 20 05:12:56 gernby-NUC13ANHi7 kernel: pci 0000:00:17.0: BAR 4 [io  0x3060-0x307f]
Mar 20 05:12:56 gernby-NUC13ANHi7 kernel: pci 0000:00:17.0: BAR 5 [mem 0x84502000-0x845027ff]
Mar 20 05:12:56 gernby-NUC13ANHi7 kernel: pci 0000:00:17.0: PME# supported from D3hot
Mar 20 05:12:56 gernby-NUC13ANHi7 kernel: pci 0000:00:1d.0: [8086:51b0] type 01 class 0x060400 PCIe Root Port
Mar 20 05:12:56 gernby-NUC13ANHi7 kernel: pci 0000:00:1d.0: PCI bridge to [bus 56]
Mar 20 05:12:56 gernby-NUC13ANHi7 kernel: pci 0000:00:1d.0:   bridge window [mem 0x84200000-0x843fffff]
Mar 20 05:12:56 gernby-NUC13ANHi7 kernel: pci 0000:00:1d.0: PME# supported from D0 D3hot D3cold
Mar 20 05:12:56 gernby-NUC13ANHi7 kernel: pci 0000:00:1d.0: PTM enabled (root), 4ns granularity
Mar 20 05:12:56 gernby-NUC13ANHi7 kernel: pci 0000:00:1f.0: [8086:519d] type 00 class 0x060100 conventional PCI endpoint
Mar 20 05:12:56 gernby-NUC13ANHi7 kernel: pci 0000:00:1f.3: [8086:51ca] type 00 class 0x040100 conventional PCI endpoint
Mar 20 05:12:56 gernby-NUC13ANHi7 kernel: pci 0000:00:1f.3: BAR 0 [mem 0x61241b0000-0x61241b3fff 64bit]
Mar 20 05:12:56 gernby-NUC13ANHi7 kernel: pci 0000:00:1f.3: BAR 4 [mem 0x6124000000-0x61240fffff 64bit]
Mar 20 05:12:56 gernby-NUC13ANHi7 kernel: pci 0000:00:1f.3: PME# supported from D3hot D3cold
Mar 20 05:12:56 gernby-NUC13ANHi7 kernel: pci 0000:00:1f.4: [8086:51a3] type 00 class 0x0c0500 conventional PCI endpoint
Mar 20 05:12:56 gernby-NUC13ANHi7 kernel: pci 0000:00:1f.4: BAR 0 [mem 0x61241bc000-0x61241bc0ff 64bit]
Mar 20 05:12:56 gernby-NUC13ANHi7 kernel: pci 0000:00:1f.4: BAR 4 [io  0xefa0-0xefbf]
Mar 20 05:12:56 gernby-NUC13ANHi7 kernel: pci 0000:00:1f.5: [8086:51a4] type 00 class 0x0c8000 conventional PCI endpoint
Mar 20 05:12:56 gernby-NUC13ANHi7 kernel: pci 0000:00:1f.5: BAR 0 [mem 0xfe010000-0xfe010fff]
Mar 20 05:12:56 gernby-NUC13ANHi7 kernel: pci 0000:01:00.0: [144d:a80a] type 00 class 0x010802 PCIe Endpoint
Mar 20 05:12:56 gernby-NUC13ANHi7 kernel: pci 0000:01:00.0: BAR 0 [mem 0x84400000-0x84403fff 64bit]
Mar 20 05:12:56 gernby-NUC13ANHi7 kernel: pci 0000:00:06.0: PCI bridge to [bus 01]
Mar 20 05:12:56 gernby-NUC13ANHi7 kernel: pci 0000:00:07.0: PCI bridge to [bus 02-2b]
Mar 20 05:12:56 gernby-NUC13ANHi7 kernel: pci 0000:00:07.2: PCI bridge to [bus 2c-55]
Mar 20 05:12:56 gernby-NUC13ANHi7 kernel: pci 0000:56:00.0: [8086:125c] type 00 class 0x020000 PCIe Endpoint
Mar 20 05:12:56 gernby-NUC13ANHi7 kernel: pci 0000:56:00.0: BAR 0 [mem 0x84200000-0x842fffff]
Mar 20 05:12:56 gernby-NUC13ANHi7 kernel: pci 0000:56:00.0: BAR 3 [mem 0x84300000-0x84303fff]
Mar 20 05:12:56 gernby-NUC13ANHi7 kernel: pci 0000:56:00.0: PME# supported from D0 D3hot D3cold
Mar 20 05:12:56 gernby-NUC13ANHi7 kernel: pci 0000:00:1d.0: PCI bridge to [bus 56]
Mar 20 05:12:56 gernby-NUC13ANHi7 kernel: ACPI: PCI: Interrupt link LNKA configured for IRQ 0
Mar 20 05:12:56 gernby-NUC13ANHi7 kernel: ACPI: PCI: Interrupt link LNKB configured for IRQ 1
Mar 20 05:12:56 gernby-NUC13ANHi7 kernel: ACPI: PCI: Interrupt link LNKC configured for IRQ 0
Mar 20 05:12:56 gernby-NUC13ANHi7 kernel: ACPI: PCI: Interrupt link LNKD configured for IRQ 0
Mar 20 05:12:56 gernby-NUC13ANHi7 kernel: ACPI: PCI: Interrupt link LNKE configured for IRQ 0
Mar 20 05:12:56 gernby-NUC13ANHi7 kernel: ACPI: PCI: Interrupt link LNKF configured for IRQ 0
Mar 20 05:12:56 gernby-NUC13ANHi7 kernel: ACPI: PCI: Interrupt link LNKG configured for IRQ 0
Mar 20 05:12:56 gernby-NUC13ANHi7 kernel: ACPI: PCI: Interrupt link LNKH configured for IRQ 0
Mar 20 05:12:56 gernby-NUC13ANHi7 kernel: Low-power S0 idle used by default for system suspend
Mar 20 05:12:56 gernby-NUC13ANHi7 kernel: ACPI: EC: interrupt unblocked
Mar 20 05:12:56 gernby-NUC13ANHi7 kernel: ACPI: EC: event unblocked
Mar 20 05:12:56 gernby-NUC13ANHi7 kernel: ACPI: EC: EC_CMD/EC_SC=0x66, EC_DATA=0x62
Mar 20 05:12:56 gernby-NUC13ANHi7 kernel: ACPI: EC: GPE=0x6e
Mar 20 05:12:56 gernby-NUC13ANHi7 kernel: ACPI: \_SB_.PC00.LPCB.EC0_: Boot DSDT EC initialization complete
Mar 20 05:12:56 gernby-NUC13ANHi7 kernel: ACPI: \_SB_.PC00.LPCB.EC0_: EC: Used to handle transactions and events
Mar 20 05:12:56 gernby-NUC13ANHi7 kernel: iommu: Default domain type: Translated
Mar 20 05:12:56 gernby-NUC13ANHi7 kernel: iommu: DMA domain TLB invalidation policy: lazy mode
Mar 20 05:12:56 gernby-NUC13ANHi7 kernel: SCSI subsystem initialized
Mar 20 05:12:56 gernby-NUC13ANHi7 kernel: libata version 3.00 loaded.
Mar 20 05:12:56 gernby-NUC13ANHi7 kernel: ACPI: bus type USB registered
Mar 20 05:12:56 gernby-NUC13ANHi7 kernel: usbcore: registered new interface driver usbfs
Mar 20 05:12:56 gernby-NUC13ANHi7 kernel: usbcore: registered new interface driver hub
Mar 20 05:12:56 gernby-NUC13ANHi7 kernel: usbcore: registered new device driver usb
Mar 20 05:12:56 gernby-NUC13ANHi7 kernel: pps_core: LinuxPPS API ver. 1 registered
Mar 20 05:12:56 gernby-NUC13ANHi7 kernel: pps_core: Software ver. 5.3.6 - Copyright 2005-2007 Rodolfo Giometti <giometti@linux.it>
Mar 20 05:12:56 gernby-NUC13ANHi7 kernel: PTP clock support registered
Mar 20 05:12:56 gernby-NUC13ANHi7 kernel: EDAC MC: Ver: 3.0.0
Mar 20 05:12:56 gernby-NUC13ANHi7 kernel: efivars: Registered efivars operations
Mar 20 05:12:56 gernby-NUC13ANHi7 kernel: NetLabel: Initializing
Mar 20 05:12:56 gernby-NUC13ANHi7 kernel: NetLabel:  domain hash size = 128
Mar 20 05:12:56 gernby-NUC13ANHi7 kernel: NetLabel:  protocols = UNLABELED CIPSOv4 CALIPSO
Mar 20 05:12:56 gernby-NUC13ANHi7 kernel: NetLabel:  unlabeled traffic allowed by default
Mar 20 05:12:56 gernby-NUC13ANHi7 kernel: mctp: management component transport protocol core
Mar 20 05:12:56 gernby-NUC13ANHi7 kernel: NET: Registered PF_MCTP protocol family
Mar 20 05:12:56 gernby-NUC13ANHi7 kernel: PCI: Using ACPI for IRQ routing
Mar 20 05:12:56 gernby-NUC13ANHi7 kernel: PCI: pci_cache_line_size set to 64 bytes
Mar 20 05:12:56 gernby-NUC13ANHi7 kernel: pci 0000:00:1f.5: BAR 0 [mem 0xfe010000-0xfe010fff]: can't claim; no compatible bridge window
Mar 20 05:12:56 gernby-NUC13ANHi7 kernel: e820: reserve RAM buffer [mem 0x0009e000-0x0009ffff]
Mar 20 05:12:56 gernby-NUC13ANHi7 kernel: e820: reserve RAM buffer [mem 0x43e3f000-0x43ffffff]
Mar 20 05:12:56 gernby-NUC13ANHi7 kernel: e820: reserve RAM buffer [mem 0x44018000-0x47ffffff]
Mar 20 05:12:56 gernby-NUC13ANHi7 kernel: e820: reserve RAM buffer [mem 0x4c48a000-0x4fffffff]
Mar 20 05:12:56 gernby-NUC13ANHi7 kernel: e820: reserve RAM buffer [mem 0x59800000-0x5bffffff]
Mar 20 05:12:56 gernby-NUC13ANHi7 kernel: e820: reserve RAM buffer [mem 0x897800000-0x897ffffff]
Mar 20 05:12:56 gernby-NUC13ANHi7 kernel: pci 0000:00:02.0: vgaarb: setting as boot VGA device
Mar 20 05:12:56 gernby-NUC13ANHi7 kernel: pci 0000:00:02.0: vgaarb: bridge control possible
Mar 20 05:12:56 gernby-NUC13ANHi7 kernel: pci 0000:00:02.0: vgaarb: VGA device added: decodes=io+mem,owns=io+mem,locks=none
Mar 20 05:12:56 gernby-NUC13ANHi7 kernel: vgaarb: loaded
Mar 20 05:12:56 gernby-NUC13ANHi7 kernel: clocksource: Switched to clocksource tsc-early
Mar 20 05:12:56 gernby-NUC13ANHi7 kernel: VFS: Disk quotas dquot_6.6.0
Mar 20 05:12:56 gernby-NUC13ANHi7 kernel: VFS: Dquot-cache hash table entries: 512 (order 0, 4096 bytes)
Mar 20 05:12:56 gernby-NUC13ANHi7 kernel: AppArmor: AppArmor Filesystem Enabled
Mar 20 05:12:56 gernby-NUC13ANHi7 kernel: pnp: PnP ACPI init
Mar 20 05:12:56 gernby-NUC13ANHi7 kernel: system 00:00: [io  0x0a00-0x0a0f] has been reserved
Mar 20 05:12:56 gernby-NUC13ANHi7 kernel: system 00:00: [io  0x0a10-0x0a2f] has been reserved
Mar 20 05:12:56 gernby-NUC13ANHi7 kernel: system 00:00: [io  0x0a30-0x0a4f] has been reserved
Mar 20 05:12:56 gernby-NUC13ANHi7 kernel: system 00:00: [io  0x0a50-0x0a6f] has been reserved
Mar 20 05:12:56 gernby-NUC13ANHi7 kernel: system 00:00: [io  0x0a70-0x0a7f] has been reserved
Mar 20 05:12:56 gernby-NUC13ANHi7 kernel: system 00:00: [io  0x0a80-0x0a8f] has been reserved
Mar 20 05:12:56 gernby-NUC13ANHi7 kernel: system 00:01: [io  0x0680-0x069f] has been reserved
Mar 20 05:12:56 gernby-NUC13ANHi7 kernel: system 00:01: [io  0x164e-0x164f] has been reserved
Mar 20 05:12:56 gernby-NUC13ANHi7 kernel: system 00:02: [io  0x1854-0x1857] has been reserved
Mar 20 05:12:56 gernby-NUC13ANHi7 kernel: system 00:03: [mem 0xfedc0000-0xfedc7fff] has been reserved
Mar 20 05:12:56 gernby-NUC13ANHi7 kernel: system 00:03: [mem 0xfeda0000-0xfeda0fff] has been reserved
Mar 20 05:12:56 gernby-NUC13ANHi7 kernel: system 00:03: [mem 0xfeda1000-0xfeda1fff] has been reserved
Mar 20 05:12:56 gernby-NUC13ANHi7 kernel: system 00:03: [mem 0xc0000000-0xcfffffff] has been reserved
Mar 20 05:12:56 gernby-NUC13ANHi7 kernel: system 00:03: [mem 0xfed20000-0xfed7ffff] could not be reserved
Mar 20 05:12:56 gernby-NUC13ANHi7 kernel: system 00:03: [mem 0xfed90000-0xfed93fff] could not be reserved
Mar 20 05:12:56 gernby-NUC13ANHi7 kernel: system 00:03: [mem 0xfed45000-0xfed8ffff] could not be reserved
Mar 20 05:12:56 gernby-NUC13ANHi7 kernel: system 00:03: [mem 0xfee00000-0xfeefffff] could not be reserved
Mar 20 05:12:56 gernby-NUC13ANHi7 kernel: system 00:04: [io  0x2000-0x20fe] has been reserved
Mar 20 05:12:56 gernby-NUC13ANHi7 kernel: pnp: PnP ACPI: found 6 devices
Mar 20 05:12:56 gernby-NUC13ANHi7 kernel: clocksource: acpi_pm: mask: 0xffffff max_cycles: 0xffffff, max_idle_ns: 2085701024 ns
Mar 20 05:12:56 gernby-NUC13ANHi7 kernel: NET: Registered PF_INET protocol family
Mar 20 05:12:56 gernby-NUC13ANHi7 kernel: IP idents hash table entries: 262144 (order: 9, 2097152 bytes, linear)
Mar 20 05:12:56 gernby-NUC13ANHi7 kernel: tcp_listen_portaddr_hash hash table entries: 16384 (order: 6, 262144 bytes, linear)
Mar 20 05:12:56 gernby-NUC13ANHi7 kernel: Table-perturb hash table entries: 65536 (order: 6, 262144 bytes, linear)
Mar 20 05:12:56 gernby-NUC13ANHi7 kernel: TCP established hash table entries: 262144 (order: 9, 2097152 bytes, linear)
Mar 20 05:12:56 gernby-NUC13ANHi7 kernel: TCP bind hash table entries: 65536 (order: 9, 2097152 bytes, linear)
Mar 20 05:12:56 gernby-NUC13ANHi7 kernel: TCP: Hash tables configured (established 262144 bind 65536)
Mar 20 05:12:56 gernby-NUC13ANHi7 kernel: MPTCP token hash table entries: 32768 (order: 7, 786432 bytes, linear)
Mar 20 05:12:56 gernby-NUC13ANHi7 kernel: UDP hash table entries: 16384 (order: 7, 524288 bytes, linear)
Mar 20 05:12:56 gernby-NUC13ANHi7 kernel: UDP-Lite hash table entries: 16384 (order: 7, 524288 bytes, linear)
Mar 20 05:12:56 gernby-NUC13ANHi7 kernel: NET: Registered PF_UNIX/PF_LOCAL protocol family
Mar 20 05:12:56 gernby-NUC13ANHi7 kernel: NET: Registered PF_XDP protocol family
Mar 20 05:12:56 gernby-NUC13ANHi7 kernel: pci 0000:00:07.0: bridge window [io  0x1000-0x0fff] to [bus 02-2b] add_size 1000
Mar 20 05:12:56 gernby-NUC13ANHi7 kernel: pci 0000:00:07.2: bridge window [io  0x1000-0x0fff] to [bus 2c-55] add_size 1000
Mar 20 05:12:56 gernby-NUC13ANHi7 kernel: pci 0000:00:07.0: bridge window [io  0x4000-0x4fff]: assigned
Mar 20 05:12:56 gernby-NUC13ANHi7 kernel: pci 0000:00:07.2: bridge window [io  0x5000-0x5fff]: assigned
Mar 20 05:12:56 gernby-NUC13ANHi7 kernel: pci 0000:00:15.0: BAR 0 [mem 0x4010000000-0x4010000fff 64bit]: assigned
Mar 20 05:12:56 gernby-NUC13ANHi7 kernel: pci 0000:00:15.1: BAR 0 [mem 0x4010001000-0x4010001fff 64bit]: assigned
Mar 20 05:12:56 gernby-NUC13ANHi7 kernel: pci 0000:00:1f.5: BAR 0 [mem 0x68800000-0x68800fff]: assigned
Mar 20 05:12:56 gernby-NUC13ANHi7 kernel: pci 0000:00:06.0: PCI bridge to [bus 01]
Mar 20 05:12:56 gernby-NUC13ANHi7 kernel: pci 0000:00:06.0:   bridge window [mem 0x84400000-0x844fffff]
Mar 20 05:12:56 gernby-NUC13ANHi7 kernel: pci 0000:00:07.0: PCI bridge to [bus 02-2b]
Mar 20 05:12:56 gernby-NUC13ANHi7 kernel: pci 0000:00:07.0:   bridge window [io  0x4000-0x4fff]
Mar 20 05:12:56 gernby-NUC13ANHi7 kernel: pci 0000:00:07.0:   bridge window [mem 0x78000000-0x841fffff]
Mar 20 05:12:56 gernby-NUC13ANHi7 kernel: pci 0000:00:07.0:   bridge window [mem 0x6100000000-0x611bffffff 64bit pref]
Mar 20 05:12:56 gernby-NUC13ANHi7 kernel: pci 0000:00:07.2: PCI bridge to [bus 2c-55]
Mar 20 05:12:56 gernby-NUC13ANHi7 kernel: pci 0000:00:07.2:   bridge window [io  0x5000-0x5fff]
Mar 20 05:12:56 gernby-NUC13ANHi7 kernel: pci 0000:00:07.2:   bridge window [mem 0x6a000000-0x761fffff]
Mar 20 05:12:56 gernby-NUC13ANHi7 kernel: pci 0000:00:07.2:   bridge window [mem 0x60e0000000-0x60fbffffff 64bit pref]
Mar 20 05:12:56 gernby-NUC13ANHi7 kernel: pci 0000:00:1d.0: PCI bridge to [bus 56]
Mar 20 05:12:56 gernby-NUC13ANHi7 kernel: pci 0000:00:1d.0:   bridge window [mem 0x84200000-0x843fffff]
Mar 20 05:12:56 gernby-NUC13ANHi7 kernel: pci_bus 0000:00: resource 4 [io  0x0000-0x0cf7 window]
Mar 20 05:12:56 gernby-NUC13ANHi7 kernel: pci_bus 0000:00: resource 5 [io  0x0d00-0xffff window]
Mar 20 05:12:56 gernby-NUC13ANHi7 kernel: pci_bus 0000:00: resource 6 [mem 0x000a0000-0x000bffff window]
Mar 20 05:12:56 gernby-NUC13ANHi7 kernel: pci_bus 0000:00: resource 7 [mem 0x000e0000-0x000fffff window]
Mar 20 05:12:56 gernby-NUC13ANHi7 kernel: pci_bus 0000:00: resource 8 [mem 0x68800000-0xbfffffff window]
Mar 20 05:12:56 gernby-NUC13ANHi7 kernel: pci_bus 0000:00: resource 9 [mem 0x4000000000-0x7fffffffff window]
Mar 20 05:12:56 gernby-NUC13ANHi7 kernel: pci_bus 0000:01: resource 1 [mem 0x84400000-0x844fffff]
Mar 20 05:12:56 gernby-NUC13ANHi7 kernel: pci_bus 0000:02: resource 0 [io  0x4000-0x4fff]
Mar 20 05:12:56 gernby-NUC13ANHi7 kernel: pci_bus 0000:02: resource 1 [mem 0x78000000-0x841fffff]
Mar 20 05:12:56 gernby-NUC13ANHi7 kernel: pci_bus 0000:02: resource 2 [mem 0x6100000000-0x611bffffff 64bit pref]
Mar 20 05:12:56 gernby-NUC13ANHi7 kernel: pci_bus 0000:2c: resource 0 [io  0x5000-0x5fff]
Mar 20 05:12:56 gernby-NUC13ANHi7 kernel: pci_bus 0000:2c: resource 1 [mem 0x6a000000-0x761fffff]
Mar 20 05:12:56 gernby-NUC13ANHi7 kernel: pci_bus 0000:2c: resource 2 [mem 0x60e0000000-0x60fbffffff 64bit pref]
Mar 20 05:12:56 gernby-NUC13ANHi7 kernel: pci_bus 0000:56: resource 1 [mem 0x84200000-0x843fffff]
Mar 20 05:12:56 gernby-NUC13ANHi7 kernel: PCI: CLS 64 bytes, default 64
Mar 20 05:12:56 gernby-NUC13ANHi7 kernel: DMAR: No ATSR found
Mar 20 05:12:56 gernby-NUC13ANHi7 kernel: DMAR: No SATC found
Mar 20 05:12:56 gernby-NUC13ANHi7 kernel: DMAR: IOMMU feature fl1gp_support inconsistent
Mar 20 05:12:56 gernby-NUC13ANHi7 kernel: DMAR: IOMMU feature pgsel_inv inconsistent
Mar 20 05:12:56 gernby-NUC13ANHi7 kernel: DMAR: IOMMU feature nwfs inconsistent
Mar 20 05:12:56 gernby-NUC13ANHi7 kernel: DMAR: IOMMU feature dit inconsistent
Mar 20 05:12:56 gernby-NUC13ANHi7 kernel: DMAR: IOMMU feature sc_support inconsistent
Mar 20 05:12:56 gernby-NUC13ANHi7 kernel: DMAR: IOMMU feature dev_iotlb_support inconsistent
Mar 20 05:12:56 gernby-NUC13ANHi7 kernel: DMAR: dmar0: Using Queued invalidation
Mar 20 05:12:56 gernby-NUC13ANHi7 kernel: DMAR: dmar1: Using Queued invalidation
Mar 20 05:12:56 gernby-NUC13ANHi7 kernel: Trying to unpack rootfs image as initramfs...
Mar 20 05:12:56 gernby-NUC13ANHi7 kernel: pci 0000:00:02.0: Adding to iommu group 0
Mar 20 05:12:56 gernby-NUC13ANHi7 kernel: pci 0000:00:00.0: Adding to iommu group 1
Mar 20 05:12:56 gernby-NUC13ANHi7 kernel: pci 0000:00:06.0: Adding to iommu group 2
Mar 20 05:12:56 gernby-NUC13ANHi7 kernel: pci 0000:00:07.0: Adding to iommu group 3
Mar 20 05:12:56 gernby-NUC13ANHi7 kernel: pci 0000:00:07.2: Adding to iommu group 4
Mar 20 05:12:56 gernby-NUC13ANHi7 kernel: pci 0000:00:08.0: Adding to iommu group 5
Mar 20 05:12:56 gernby-NUC13ANHi7 kernel: pci 0000:00:0a.0: Adding to iommu group 6
Mar 20 05:12:56 gernby-NUC13ANHi7 kernel: pci 0000:00:0d.0: Adding to iommu group 7
Mar 20 05:12:56 gernby-NUC13ANHi7 kernel: pci 0000:00:0d.2: Adding to iommu group 7
Mar 20 05:12:56 gernby-NUC13ANHi7 kernel: pci 0000:00:0d.3: Adding to iommu group 7
Mar 20 05:12:56 gernby-NUC13ANHi7 kernel: pci 0000:00:14.0: Adding to iommu group 8
Mar 20 05:12:56 gernby-NUC13ANHi7 kernel: pci 0000:00:14.2: Adding to iommu group 8
Mar 20 05:12:56 gernby-NUC13ANHi7 kernel: pci 0000:00:14.3: Adding to iommu group 9
Mar 20 05:12:56 gernby-NUC13ANHi7 kernel: pci 0000:00:15.0: Adding to iommu group 10
Mar 20 05:12:56 gernby-NUC13ANHi7 kernel: pci 0000:00:15.1: Adding to iommu group 10
Mar 20 05:12:56 gernby-NUC13ANHi7 kernel: pci 0000:00:16.0: Adding to iommu group 11
Mar 20 05:12:56 gernby-NUC13ANHi7 kernel: pci 0000:00:17.0: Adding to iommu group 12
Mar 20 05:12:56 gernby-NUC13ANHi7 kernel: pci 0000:00:1d.0: Adding to iommu group 13
Mar 20 05:12:56 gernby-NUC13ANHi7 kernel: pci 0000:00:1f.0: Adding to iommu group 14
Mar 20 05:12:56 gernby-NUC13ANHi7 kernel: pci 0000:00:1f.3: Adding to iommu group 14
Mar 20 05:12:56 gernby-NUC13ANHi7 kernel: pci 0000:00:1f.4: Adding to iommu group 14
Mar 20 05:12:56 gernby-NUC13ANHi7 kernel: pci 0000:00:1f.5: Adding to iommu group 14
Mar 20 05:12:56 gernby-NUC13ANHi7 kernel: pci 0000:01:00.0: Adding to iommu group 15
Mar 20 05:12:56 gernby-NUC13ANHi7 kernel: pci 0000:56:00.0: Adding to iommu group 16
Mar 20 05:12:56 gernby-NUC13ANHi7 kernel: DMAR: Intel(R) Virtualization Technology for Directed I/O
Mar 20 05:12:56 gernby-NUC13ANHi7 kernel: PCI-DMA: Using software bounce buffering for IO (SWIOTLB)
Mar 20 05:12:56 gernby-NUC13ANHi7 kernel: software IO TLB: mapped [mem 0x000000003927a000-0x000000003d27a000] (64MB)
Mar 20 05:12:56 gernby-NUC13ANHi7 kernel: clocksource: tsc: mask: 0xffffffffffffffff max_cycles: 0x25a39079a08, max_idle_ns: 440795310461 ns
Mar 20 05:12:56 gernby-NUC13ANHi7 kernel: clocksource: Switched to clocksource tsc
Mar 20 05:12:56 gernby-NUC13ANHi7 kernel: platform rtc_cmos: registered platform RTC device (no PNP device found)
Mar 20 05:12:56 gernby-NUC13ANHi7 kernel: Initialise system trusted keyrings
Mar 20 05:12:56 gernby-NUC13ANHi7 kernel: Key type blacklist registered
Mar 20 05:12:56 gernby-NUC13ANHi7 kernel: workingset: timestamp_bits=36 max_order=23 bucket_order=0
Mar 20 05:12:56 gernby-NUC13ANHi7 kernel: zbud: loaded
Mar 20 05:12:56 gernby-NUC13ANHi7 kernel: squashfs: version 4.0 (2009/01/31) Phillip Lougher
Mar 20 05:12:56 gernby-NUC13ANHi7 kernel: fuse: init (API version 7.40)
Mar 20 05:12:56 gernby-NUC13ANHi7 kernel: integrity: Platform Keyring initialized
Mar 20 05:12:56 gernby-NUC13ANHi7 kernel: integrity: Machine keyring initialized
Mar 20 05:12:56 gernby-NUC13ANHi7 kernel: Key type asymmetric registered
Mar 20 05:12:56 gernby-NUC13ANHi7 kernel: Asymmetric key parser 'x509' registered
Mar 20 05:12:56 gernby-NUC13ANHi7 kernel: Block layer SCSI generic (bsg) driver version 0.4 loaded (major 243)
Mar 20 05:12:56 gernby-NUC13ANHi7 kernel: io scheduler mq-deadline registered
Mar 20 05:12:56 gernby-NUC13ANHi7 kernel: pcieport 0000:00:06.0: PME: Signaling with IRQ 122
Mar 20 05:12:56 gernby-NUC13ANHi7 kernel: pcieport 0000:00:07.0: PME: Signaling with IRQ 123
Mar 20 05:12:56 gernby-NUC13ANHi7 kernel: pcieport 0000:00:07.0: pciehp: Slot #3 AttnBtn- PwrCtrl- MRL- AttnInd- PwrInd- HotPlug+ Surprise+ Interlock- NoCompl+ IbPresDis- LLActRep+
Mar 20 05:12:56 gernby-NUC13ANHi7 kernel: pcieport 0000:00:07.2: PME: Signaling with IRQ 124
Mar 20 05:12:56 gernby-NUC13ANHi7 kernel: pcieport 0000:00:07.2: pciehp: Slot #5 AttnBtn- PwrCtrl- MRL- AttnInd- PwrInd- HotPlug+ Surprise+ Interlock- NoCompl+ IbPresDis- LLActRep+
Mar 20 05:12:56 gernby-NUC13ANHi7 kernel: pcieport 0000:00:1d.0: PME: Signaling with IRQ 125
Mar 20 05:12:56 gernby-NUC13ANHi7 kernel: shpchp: Standard Hot Plug PCI Controller Driver version: 0.4
Mar 20 05:12:56 gernby-NUC13ANHi7 kernel: Monitor-Mwait will be used to enter C-1 state
Mar 20 05:12:56 gernby-NUC13ANHi7 kernel: Monitor-Mwait will be used to enter C-2 state
Mar 20 05:12:56 gernby-NUC13ANHi7 kernel: Monitor-Mwait will be used to enter C-3 state
Mar 20 05:12:56 gernby-NUC13ANHi7 kernel: ACPI: \_SB_.PR00: Found 3 idle states
Mar 20 05:12:56 gernby-NUC13ANHi7 kernel: input: Sleep Button as /devices/LNXSYSTM:00/LNXSYBUS:00/PNP0C0E:00/input/input0
Mar 20 05:12:56 gernby-NUC13ANHi7 kernel: ACPI: button: Sleep Button [SLPB]
Mar 20 05:12:56 gernby-NUC13ANHi7 kernel: input: Power Button as /devices/LNXSYSTM:00/LNXSYBUS:00/PNP0C0C:00/input/input1
Mar 20 05:12:56 gernby-NUC13ANHi7 kernel: ACPI: button: Power Button [PWRB]
Mar 20 05:12:56 gernby-NUC13ANHi7 kernel: input: Power Button as /devices/LNXSYSTM:00/LNXPWRBN:00/input/input2
Mar 20 05:12:56 gernby-NUC13ANHi7 kernel: ACPI: button: Power Button [PWRF]
Mar 20 05:12:56 gernby-NUC13ANHi7 kernel: thermal LNXTHERM:00: registered as thermal_zone0
Mar 20 05:12:56 gernby-NUC13ANHi7 kernel: ACPI: thermal: Thermal Zone [TZ00] (84 C)
Mar 20 05:12:56 gernby-NUC13ANHi7 kernel: Serial: 8250/16550 driver, 32 ports, IRQ sharing enabled
Mar 20 05:12:56 gernby-NUC13ANHi7 kernel: hpet_acpi_add: no address or irqs in _CRS
Mar 20 05:12:56 gernby-NUC13ANHi7 kernel: Linux agpgart interface v0.103
Mar 20 05:12:56 gernby-NUC13ANHi7 kernel: loop: module loaded
Mar 20 05:12:56 gernby-NUC13ANHi7 kernel: ACPI: bus type drm_connector registered
Mar 20 05:12:56 gernby-NUC13ANHi7 kernel: tun: Universal TUN/TAP device driver, 1.6
Mar 20 05:12:56 gernby-NUC13ANHi7 kernel: PPP generic driver version 2.4.2
Mar 20 05:12:56 gernby-NUC13ANHi7 kernel: i8042: PNP: No PS/2 controller found.
Mar 20 05:12:56 gernby-NUC13ANHi7 kernel: mousedev: PS/2 mouse device common for all mice
Mar 20 05:12:56 gernby-NUC13ANHi7 kernel: rtc_cmos rtc_cmos: RTC can wake from S4
Mar 20 05:12:56 gernby-NUC13ANHi7 kernel: rtc_cmos rtc_cmos: registered as rtc0
Mar 20 05:12:56 gernby-NUC13ANHi7 kernel: rtc_cmos rtc_cmos: setting system clock to 2025-03-20T10:12:54 UTC (1742465574)
Mar 20 05:12:56 gernby-NUC13ANHi7 kernel: rtc_cmos rtc_cmos: alarms up to one month, y3k, 114 bytes nvram
Mar 20 05:12:56 gernby-NUC13ANHi7 kernel: i2c_dev: i2c /dev entries driver
Mar 20 05:12:56 gernby-NUC13ANHi7 kernel: device-mapper: core: CONFIG_IMA_DISABLE_HTABLE is disabled. Duplicate IMA measurements will not be recorded in the IMA log.
Mar 20 05:12:56 gernby-NUC13ANHi7 kernel: device-mapper: uevent: version 1.0.3
Mar 20 05:12:56 gernby-NUC13ANHi7 kernel: device-mapper: ioctl: 4.48.0-ioctl (2023-03-01) initialised: dm-devel@lists.linux.dev
Mar 20 05:12:56 gernby-NUC13ANHi7 kernel: platform eisa.0: Probing EISA bus 0
Mar 20 05:12:56 gernby-NUC13ANHi7 kernel: platform eisa.0: EISA: Cannot allocate resource for mainboard
Mar 20 05:12:56 gernby-NUC13ANHi7 kernel: platform eisa.0: Cannot allocate resource for EISA slot 1
Mar 20 05:12:56 gernby-NUC13ANHi7 kernel: platform eisa.0: Cannot allocate resource for EISA slot 2
Mar 20 05:12:56 gernby-NUC13ANHi7 kernel: platform eisa.0: Cannot allocate resource for EISA slot 3
Mar 20 05:12:56 gernby-NUC13ANHi7 kernel: platform eisa.0: Cannot allocate resource for EISA slot 4
Mar 20 05:12:56 gernby-NUC13ANHi7 kernel: platform eisa.0: Cannot allocate resource for EISA slot 5
Mar 20 05:12:56 gernby-NUC13ANHi7 kernel: platform eisa.0: Cannot allocate resource for EISA slot 6
Mar 20 05:12:56 gernby-NUC13ANHi7 kernel: platform eisa.0: Cannot allocate resource for EISA slot 7
Mar 20 05:12:56 gernby-NUC13ANHi7 kernel: platform eisa.0: Cannot allocate resource for EISA slot 8
Mar 20 05:12:56 gernby-NUC13ANHi7 kernel: platform eisa.0: EISA: Detected 0 cards
Mar 20 05:12:56 gernby-NUC13ANHi7 kernel: intel_pstate: Intel P-state driver initializing
Mar 20 05:12:56 gernby-NUC13ANHi7 kernel: intel_pstate: HWP enabled
Mar 20 05:12:56 gernby-NUC13ANHi7 kernel: ledtrig-cpu: registered to indicate activity on CPUs
Mar 20 05:12:56 gernby-NUC13ANHi7 kernel: [drm] Initialized simpledrm 1.0.0 for simple-framebuffer.0 on minor 0
Mar 20 05:12:56 gernby-NUC13ANHi7 kernel: fbcon: Deferring console take-over
Mar 20 05:12:56 gernby-NUC13ANHi7 kernel: simple-framebuffer simple-framebuffer.0: [drm] fb0: simpledrmdrmfb frame buffer device
Mar 20 05:12:56 gernby-NUC13ANHi7 kernel: drop_monitor: Initializing network drop monitor service
Mar 20 05:12:56 gernby-NUC13ANHi7 kernel: NET: Registered PF_INET6 protocol family
Mar 20 05:12:56 gernby-NUC13ANHi7 kernel: Freeing initrd memory: 71192K
Mar 20 05:12:56 gernby-NUC13ANHi7 kernel: Segment Routing with IPv6
Mar 20 05:12:56 gernby-NUC13ANHi7 kernel: In-situ OAM (IOAM) with IPv6
Mar 20 05:12:56 gernby-NUC13ANHi7 kernel: NET: Registered PF_PACKET protocol family
Mar 20 05:12:56 gernby-NUC13ANHi7 kernel: Key type dns_resolver registered
Mar 20 05:12:56 gernby-NUC13ANHi7 kernel: ENERGY_PERF_BIAS: Set to 'normal', was 'performance'
Mar 20 05:12:56 gernby-NUC13ANHi7 kernel: microcode: Current revision: 0x00004124
Mar 20 05:12:56 gernby-NUC13ANHi7 kernel: microcode: Updated early from: 0x0000410e
Mar 20 05:12:56 gernby-NUC13ANHi7 kernel: IPI shorthand broadcast: enabled
Mar 20 05:12:56 gernby-NUC13ANHi7 kernel: sched_clock: Marking stable (1324000852, 19931385)->(1378831498, -34899261)
Mar 20 05:12:56 gernby-NUC13ANHi7 kernel: registered taskstats version 1
Mar 20 05:12:56 gernby-NUC13ANHi7 kernel: Loading compiled-in X.509 certificates
Mar 20 05:12:56 gernby-NUC13ANHi7 kernel: Loaded X.509 cert 'Build time autogenerated kernel key: 9a1d619ac4d3de7e457e3a5a77b919fa5e8c15f3'
Mar 20 05:12:56 gernby-NUC13ANHi7 kernel: Loaded X.509 cert 'Canonical Ltd. Live Patch Signing: 14df34d1a87cf37625abec039ef2bf521249b969'
Mar 20 05:12:56 gernby-NUC13ANHi7 kernel: Loaded X.509 cert 'Canonical Ltd. Kernel Module Signing: 88f752e560a1e0737e31163a466ad7b70a850c19'
Mar 20 05:12:56 gernby-NUC13ANHi7 kernel: blacklist: Loading compiled-in revocation X.509 certificates
Mar 20 05:12:56 gernby-NUC13ANHi7 kernel: Loaded X.509 cert 'Canonical Ltd. Secure Boot Signing: 61482aa2830d0ab2ad5af10b7250da9033ddcef0'
Mar 20 05:12:56 gernby-NUC13ANHi7 kernel: Loaded X.509 cert 'Canonical Ltd. Secure Boot Signing (2017): 242ade75ac4a15e50d50c84b0d45ff3eae707a03'
Mar 20 05:12:56 gernby-NUC13ANHi7 kernel: Loaded X.509 cert 'Canonical Ltd. Secure Boot Signing (ESM 2018): 365188c1d374d6b07c3c8f240f8ef722433d6a8b'
Mar 20 05:12:56 gernby-NUC13ANHi7 kernel: Loaded X.509 cert 'Canonical Ltd. Secure Boot Signing (2019): c0746fd6c5da3ae827864651ad66ae47fe24b3e8'
Mar 20 05:12:56 gernby-NUC13ANHi7 kernel: Loaded X.509 cert 'Canonical Ltd. Secure Boot Signing (2021 v1): a8d54bbb3825cfb94fa13c9f8a594a195c107b8d'
Mar 20 05:12:56 gernby-NUC13ANHi7 kernel: Loaded X.509 cert 'Canonical Ltd. Secure Boot Signing (2021 v2): 4cf046892d6fd3c9a5b03f98d845f90851dc6a8c'
Mar 20 05:12:56 gernby-NUC13ANHi7 kernel: Loaded X.509 cert 'Canonical Ltd. Secure Boot Signing (2021 v3): 100437bb6de6e469b581e61cd66bce3ef4ed53af'
Mar 20 05:12:56 gernby-NUC13ANHi7 kernel: Loaded X.509 cert 'Canonical Ltd. Secure Boot Signing (Ubuntu Core 2019): c1d57b8f6b743f23ee41f4f7ee292f06eecadfb9'
Mar 20 05:12:56 gernby-NUC13ANHi7 kernel: Demotion targets for Node 0: null
Mar 20 05:12:56 gernby-NUC13ANHi7 kernel: Key type .fscrypt registered
Mar 20 05:12:56 gernby-NUC13ANHi7 kernel: Key type fscrypt-provisioning registered
Mar 20 05:12:56 gernby-NUC13ANHi7 kernel: Key type trusted registered
Mar 20 05:12:56 gernby-NUC13ANHi7 kernel: Key type encrypted registered
Mar 20 05:12:56 gernby-NUC13ANHi7 kernel: AppArmor: AppArmor sha256 policy hashing enabled
Mar 20 05:12:56 gernby-NUC13ANHi7 kernel: integrity: Loading X.509 certificate: UEFI:db
Mar 20 05:12:56 gernby-NUC13ANHi7 kernel: integrity: Loaded X.509 cert 'Microsoft Corporation UEFI CA 2011: 13adbf4309bd82709c8cd54f316ed522988a1bd4'
Mar 20 05:12:56 gernby-NUC13ANHi7 kernel: integrity: Loading X.509 certificate: UEFI:db
Mar 20 05:12:56 gernby-NUC13ANHi7 kernel: integrity: Loaded X.509 cert 'Microsoft Windows Production PCA 2011: a92902398e16c49778cd90f99e4f9ae17c55af53'
Mar 20 05:12:56 gernby-NUC13ANHi7 kernel: integrity: Loading X.509 certificate: UEFI:db
Mar 20 05:12:56 gernby-NUC13ANHi7 kernel: integrity: Loaded X.509 cert 'UEFIappl1: bacbd1866364e297ef689bd204133fd28731f668'
Mar 20 05:12:56 gernby-NUC13ANHi7 kernel: Loading compiled-in module X.509 certificates
Mar 20 05:12:56 gernby-NUC13ANHi7 kernel: Loaded X.509 cert 'Build time autogenerated kernel key: 9a1d619ac4d3de7e457e3a5a77b919fa5e8c15f3'
Mar 20 05:12:56 gernby-NUC13ANHi7 kernel: ima: Allocated hash algorithm: sha256
Mar 20 05:12:56 gernby-NUC13ANHi7 kernel: ima: No architecture policies found
Mar 20 05:12:56 gernby-NUC13ANHi7 kernel: evm: Initialising EVM extended attributes:
Mar 20 05:12:56 gernby-NUC13ANHi7 kernel: evm: security.selinux
Mar 20 05:12:56 gernby-NUC13ANHi7 kernel: evm: security.SMACK64
Mar 20 05:12:56 gernby-NUC13ANHi7 kernel: evm: security.SMACK64EXEC
Mar 20 05:12:56 gernby-NUC13ANHi7 kernel: evm: security.SMACK64TRANSMUTE
Mar 20 05:12:56 gernby-NUC13ANHi7 kernel: evm: security.SMACK64MMAP
Mar 20 05:12:56 gernby-NUC13ANHi7 kernel: evm: security.apparmor
Mar 20 05:12:56 gernby-NUC13ANHi7 kernel: evm: security.ima
Mar 20 05:12:56 gernby-NUC13ANHi7 kernel: evm: security.capability
Mar 20 05:12:56 gernby-NUC13ANHi7 kernel: evm: HMAC attrs: 0x1
Mar 20 05:12:56 gernby-NUC13ANHi7 kernel: PM:   Magic number: 1:711:224
Mar 20 05:12:56 gernby-NUC13ANHi7 kernel: acpi device:71: hash matches
Mar 20 05:12:56 gernby-NUC13ANHi7 kernel: memory memory106: hash matches
Mar 20 05:12:56 gernby-NUC13ANHi7 kernel: RAS: Correctable Errors collector initialized.
Mar 20 05:12:56 gernby-NUC13ANHi7 kernel: clk: Disabling unused clocks
Mar 20 05:12:56 gernby-NUC13ANHi7 kernel: PM: genpd: Disabling unused power domains
Mar 20 05:12:56 gernby-NUC13ANHi7 kernel: Freeing unused decrypted memory: 2028K
Mar 20 05:12:56 gernby-NUC13ANHi7 kernel: Freeing unused kernel image (initmem) memory: 4960K
Mar 20 05:12:56 gernby-NUC13ANHi7 kernel: Write protecting the kernel read-only data: 38912k
Mar 20 05:12:56 gernby-NUC13ANHi7 kernel: Freeing unused kernel image (rodata/data gap) memory: 1428K
Mar 20 05:12:56 gernby-NUC13ANHi7 kernel: x86/mm: Checked W+X mappings: passed, no W+X pages found.
Mar 20 05:12:56 gernby-NUC13ANHi7 kernel: Run /init as init process
Mar 20 05:12:56 gernby-NUC13ANHi7 kernel:   with arguments:
Mar 20 05:12:56 gernby-NUC13ANHi7 kernel:     /init
Mar 20 05:12:56 gernby-NUC13ANHi7 kernel:     splash
Mar 20 05:12:56 gernby-NUC13ANHi7 kernel:   with environment:
Mar 20 05:12:56 gernby-NUC13ANHi7 kernel:     HOME=/
Mar 20 05:12:56 gernby-NUC13ANHi7 kernel:     TERM=linux
Mar 20 05:12:56 gernby-NUC13ANHi7 kernel:     BOOT_IMAGE=/vmlinuz-6.11.0-19-generic
Mar 20 05:12:56 gernby-NUC13ANHi7 kernel: xhci_hcd 0000:00:0d.0: xHCI Host Controller
Mar 20 05:12:56 gernby-NUC13ANHi7 kernel: xhci_hcd 0000:00:0d.0: new USB bus registered, assigned bus number 1
Mar 20 05:12:56 gernby-NUC13ANHi7 kernel: xhci_hcd 0000:00:0d.0: hcc params 0x20007fc1 hci version 0x120 quirks 0x0000000200009810
Mar 20 05:12:56 gernby-NUC13ANHi7 kernel: ahci 0000:00:17.0: version 3.0
Mar 20 05:12:56 gernby-NUC13ANHi7 kernel: Intel(R) 2.5G Ethernet Linux Driver
Mar 20 05:12:56 gernby-NUC13ANHi7 kernel: Copyright(c) 2018 Intel Corporation.
Mar 20 05:12:56 gernby-NUC13ANHi7 kernel: igc 0000:56:00.0: enabling device (0000 -> 0002)
Mar 20 05:12:56 gernby-NUC13ANHi7 kernel: igc 0000:56:00.0: PTM enabled, 4ns granularity
Mar 20 05:12:56 gernby-NUC13ANHi7 kernel: ahci 0000:00:17.0: AHCI vers 0001.0301, 32 command slots, 6 Gbps, SATA mode
Mar 20 05:12:56 gernby-NUC13ANHi7 kernel: ahci 0000:00:17.0: 1/1 ports implemented (port mask 0x2)
Mar 20 05:12:56 gernby-NUC13ANHi7 kernel: ahci 0000:00:17.0: flags: 64bit ncq sntf pm clo only pio slum part deso sadm sds
Mar 20 05:12:56 gernby-NUC13ANHi7 kernel: xhci_hcd 0000:00:0d.0: xHCI Host Controller
Mar 20 05:12:56 gernby-NUC13ANHi7 kernel: xhci_hcd 0000:00:0d.0: new USB bus registered, assigned bus number 2
Mar 20 05:12:56 gernby-NUC13ANHi7 kernel: xhci_hcd 0000:00:0d.0: Host supports USB 3.2 Enhanced SuperSpeed
Mar 20 05:12:56 gernby-NUC13ANHi7 kernel: usb usb1: New USB device found, idVendor=1d6b, idProduct=0002, bcdDevice= 6.11
Mar 20 05:12:56 gernby-NUC13ANHi7 kernel: usb usb1: New USB device strings: Mfr=3, Product=2, SerialNumber=1
Mar 20 05:12:56 gernby-NUC13ANHi7 kernel: usb usb1: Product: xHCI Host Controller
Mar 20 05:12:56 gernby-NUC13ANHi7 kernel: usb usb1: Manufacturer: Linux 6.11.0-19-generic xhci-hcd
Mar 20 05:12:56 gernby-NUC13ANHi7 kernel: usb usb1: SerialNumber: 0000:00:0d.0
Mar 20 05:12:56 gernby-NUC13ANHi7 kernel: scsi host0: ahci
Mar 20 05:12:56 gernby-NUC13ANHi7 kernel: hub 1-0:1.0: USB hub found
Mar 20 05:12:56 gernby-NUC13ANHi7 kernel: hub 1-0:1.0: 1 port detected
Mar 20 05:12:56 gernby-NUC13ANHi7 kernel: scsi host1: ahci
Mar 20 05:12:56 gernby-NUC13ANHi7 kernel: ata1: DUMMY
Mar 20 05:12:56 gernby-NUC13ANHi7 kernel: ata2: SATA max UDMA/133 abar m2048@0x84502000 port 0x84502180 irq 134 lpm-pol 4
Mar 20 05:12:56 gernby-NUC13ANHi7 kernel: usb usb2: New USB device found, idVendor=1d6b, idProduct=0003, bcdDevice= 6.11
Mar 20 05:12:56 gernby-NUC13ANHi7 kernel: usb usb2: New USB device strings: Mfr=3, Product=2, SerialNumber=1
Mar 20 05:12:56 gernby-NUC13ANHi7 kernel: usb usb2: Product: xHCI Host Controller
Mar 20 05:12:56 gernby-NUC13ANHi7 kernel: usb usb2: Manufacturer: Linux 6.11.0-19-generic xhci-hcd
Mar 20 05:12:56 gernby-NUC13ANHi7 kernel: usb usb2: SerialNumber: 0000:00:0d.0
Mar 20 05:12:56 gernby-NUC13ANHi7 kernel: hub 2-0:1.0: USB hub found
Mar 20 05:12:56 gernby-NUC13ANHi7 kernel: hub 2-0:1.0: 3 ports detected
Mar 20 05:12:56 gernby-NUC13ANHi7 kernel: ACPI: bus type thunderbolt registered
Mar 20 05:12:56 gernby-NUC13ANHi7 kernel: xhci_hcd 0000:00:14.0: xHCI Host Controller
Mar 20 05:12:56 gernby-NUC13ANHi7 kernel: xhci_hcd 0000:00:14.0: new USB bus registered, assigned bus number 3
Mar 20 05:12:56 gernby-NUC13ANHi7 kernel: xhci_hcd 0000:00:14.0: hcc params 0x20007fc1 hci version 0x120 quirks 0x0000100200009810
Mar 20 05:12:56 gernby-NUC13ANHi7 kernel: xhci_hcd 0000:00:14.0: xHCI Host Controller
Mar 20 05:12:56 gernby-NUC13ANHi7 kernel: xhci_hcd 0000:00:14.0: new USB bus registered, assigned bus number 4
Mar 20 05:12:56 gernby-NUC13ANHi7 kernel: xhci_hcd 0000:00:14.0: Host supports USB 3.1 Enhanced SuperSpeed
Mar 20 05:12:56 gernby-NUC13ANHi7 kernel: usb usb3: New USB device found, idVendor=1d6b, idProduct=0002, bcdDevice= 6.11
Mar 20 05:12:56 gernby-NUC13ANHi7 kernel: usb usb3: New USB device strings: Mfr=3, Product=2, SerialNumber=1
Mar 20 05:12:56 gernby-NUC13ANHi7 kernel: usb usb3: Product: xHCI Host Controller
Mar 20 05:12:56 gernby-NUC13ANHi7 kernel: usb usb3: Manufacturer: Linux 6.11.0-19-generic xhci-hcd
Mar 20 05:12:56 gernby-NUC13ANHi7 kernel: usb usb3: SerialNumber: 0000:00:14.0
Mar 20 05:12:56 gernby-NUC13ANHi7 kernel: hub 3-0:1.0: USB hub found
Mar 20 05:12:56 gernby-NUC13ANHi7 kernel: hub 3-0:1.0: 12 ports detected
Mar 20 05:12:56 gernby-NUC13ANHi7 kernel: usb usb4: New USB device found, idVendor=1d6b, idProduct=0003, bcdDevice= 6.11
Mar 20 05:12:56 gernby-NUC13ANHi7 kernel: usb usb4: New USB device strings: Mfr=3, Product=2, SerialNumber=1
Mar 20 05:12:56 gernby-NUC13ANHi7 kernel: usb usb4: Product: xHCI Host Controller
Mar 20 05:12:56 gernby-NUC13ANHi7 kernel: usb usb4: Manufacturer: Linux 6.11.0-19-generic xhci-hcd
Mar 20 05:12:56 gernby-NUC13ANHi7 kernel: usb usb4: SerialNumber: 0000:00:14.0
Mar 20 05:12:56 gernby-NUC13ANHi7 kernel: hub 4-0:1.0: USB hub found
Mar 20 05:12:56 gernby-NUC13ANHi7 kernel: hub 4-0:1.0: 4 ports detected
Mar 20 05:12:56 gernby-NUC13ANHi7 kernel: intel-lpss 0000:00:15.0: enabling device (0004 -> 0006)
Mar 20 05:12:56 gernby-NUC13ANHi7 kernel: idma64 idma64.0: Found Intel integrated DMA 64-bit
Mar 20 05:12:56 gernby-NUC13ANHi7 kernel: intel-lpss 0000:00:15.1: enabling device (0004 -> 0006)
Mar 20 05:12:56 gernby-NUC13ANHi7 kernel: idma64 idma64.1: Found Intel integrated DMA 64-bit
Mar 20 05:12:56 gernby-NUC13ANHi7 kernel: pps pps0: new PPS source ptp0
Mar 20 05:12:56 gernby-NUC13ANHi7 kernel: igc 0000:56:00.0 (unnamed net_device) (uninitialized): PHC added
Mar 20 05:12:56 gernby-NUC13ANHi7 kernel: igc 0000:56:00.0: 4.000 Gb/s available PCIe bandwidth (5.0 GT/s PCIe x1 link)
Mar 20 05:12:56 gernby-NUC13ANHi7 kernel: igc 0000:56:00.0 eth0: MAC: 48:21:0b:5d:8d:71
Mar 20 05:12:56 gernby-NUC13ANHi7 kernel: typec port0: bound usb3-port6 (ops connector_ops)
Mar 20 05:12:56 gernby-NUC13ANHi7 kernel: typec port0: bound usb2-port1 (ops connector_ops)
Mar 20 05:12:56 gernby-NUC13ANHi7 kernel: usb 3-6: new full-speed USB device number 2 using xhci_hcd
Mar 20 05:12:56 gernby-NUC13ANHi7 kernel: ata2: SATA link down (SStatus 4 SControl 300)
Mar 20 05:12:56 gernby-NUC13ANHi7 kernel: igc 0000:56:00.0 enp86s0: renamed from eth0
Mar 20 05:12:56 gernby-NUC13ANHi7 kernel: nvme 0000:01:00.0: platform quirk: setting simple suspend
Mar 20 05:12:56 gernby-NUC13ANHi7 kernel: nvme nvme0: pci function 0000:01:00.0
Mar 20 05:12:56 gernby-NUC13ANHi7 kernel: nvme nvme0: D3 entry latency set to 10 seconds
Mar 20 05:12:56 gernby-NUC13ANHi7 kernel: nvme nvme0: 16/0/0 default/read/poll queues
Mar 20 05:12:56 gernby-NUC13ANHi7 kernel:  nvme0n1: p1 p2 p3
Mar 20 05:12:56 gernby-NUC13ANHi7 kernel: usb 3-6: New USB device found, idVendor=041e, idProduct=3295, bcdDevice=10.00
Mar 20 05:12:56 gernby-NUC13ANHi7 kernel: usb 3-6: New USB device strings: Mfr=1, Product=2, SerialNumber=3
Mar 20 05:12:56 gernby-NUC13ANHi7 kernel: usb 3-6: Product: Creative Stage SE mini
Mar 20 05:12:56 gernby-NUC13ANHi7 kernel: usb 3-6: Manufacturer: Creative Technology Ltd
Mar 20 05:12:56 gernby-NUC13ANHi7 kernel: usb 3-6: SerialNumber: 1120041300020421
Mar 20 05:12:56 gernby-NUC13ANHi7 kernel: usb 3-7: new full-speed USB device number 3 using xhci_hcd
Mar 20 05:12:56 gernby-NUC13ANHi7 kernel: usb 3-7: New USB device found, idVendor=a604, idProduct=0715, bcdDevice= 2.00
Mar 20 05:12:56 gernby-NUC13ANHi7 kernel: usb 3-7: New USB device strings: Mfr=1, Product=2, SerialNumber=0
Mar 20 05:12:56 gernby-NUC13ANHi7 kernel: usb 3-7: Product: Wireless Devic
Mar 20 05:12:56 gernby-NUC13ANHi7 kernel: usb 3-7: Manufacturer: 2.4G Composite Devic
Mar 20 05:12:56 gernby-NUC13ANHi7 kernel: usb 3-10: new full-speed USB device number 4 using xhci_hcd
Mar 20 05:12:56 gernby-NUC13ANHi7 kernel: usb 3-10: New USB device found, idVendor=8087, idProduct=0033, bcdDevice= 0.00
Mar 20 05:12:56 gernby-NUC13ANHi7 kernel: usb 3-10: New USB device strings: Mfr=0, Product=0, SerialNumber=0
Mar 20 05:12:56 gernby-NUC13ANHi7 kernel: usb-storage 3-6:1.0: USB Mass Storage device detected
Mar 20 05:12:56 gernby-NUC13ANHi7 kernel: scsi host2: usb-storage 3-6:1.0
Mar 20 05:12:56 gernby-NUC13ANHi7 kernel: usbcore: registered new interface driver usb-storage
Mar 20 05:12:56 gernby-NUC13ANHi7 kernel: hid: raw HID events driver (C) Jiri Kosina
Mar 20 05:12:56 gernby-NUC13ANHi7 kernel: usbcore: registered new interface driver uas
Mar 20 05:12:56 gernby-NUC13ANHi7 kernel: usbcore: registered new interface driver usbhid
Mar 20 05:12:56 gernby-NUC13ANHi7 kernel: usbhid: USB HID core driver
Mar 20 05:12:56 gernby-NUC13ANHi7 kernel: input: Creative Technology Ltd Creative Stage SE mini as /devices/pci0000:00/0000:00:14.0/usb3/3-6/3-6:1.3/0003:041E:3295.0001/input/input3
Mar 20 05:12:56 gernby-NUC13ANHi7 kernel: hid-generic 0003:041E:3295.0001: input,hidraw0: USB HID v1.00 Device [Creative Technology Ltd Creative Stage SE mini] on usb-0000:00:14.0-6/input3
Mar 20 05:12:56 gernby-NUC13ANHi7 kernel: input: 2.4G Composite Devic Wireless Devic as /devices/pci0000:00/0000:00:14.0/usb3/3-7/3-7:1.2/0003:A604:0715.0002/input/input4
Mar 20 05:12:56 gernby-NUC13ANHi7 kernel: hid-generic 0003:A604:0715.0002: input,hidraw1: USB HID v1.01 Keyboard [2.4G Composite Devic Wireless Devic] on usb-0000:00:14.0-7/input2
Mar 20 05:12:56 gernby-NUC13ANHi7 kernel: input: 2.4G Composite Devic Wireless Devic Mouse as /devices/pci0000:00/0000:00:14.0/usb3/3-7/3-7:1.3/0003:A604:0715.0003/input/input5
Mar 20 05:12:56 gernby-NUC13ANHi7 kernel: input: 2.4G Composite Devic Wireless Devic Consumer Control as /devices/pci0000:00/0000:00:14.0/usb3/3-7/3-7:1.3/0003:A604:0715.0003/input/input6
Mar 20 05:12:56 gernby-NUC13ANHi7 kernel: input: 2.4G Composite Devic Wireless Devic System Control as /devices/pci0000:00/0000:00:14.0/usb3/3-7/3-7:1.3/0003:A604:0715.0003/input/input7
Mar 20 05:12:56 gernby-NUC13ANHi7 kernel: hid-generic 0003:A604:0715.0003: input,hidraw2: USB HID v1.01 Mouse [2.4G Composite Devic Wireless Devic] on usb-0000:00:14.0-7/input3
Mar 20 05:12:56 gernby-NUC13ANHi7 kernel: EXT4-fs (dm-0): mounted filesystem e16ffe5b-73d4-43ae-b7ae-7ee7e72e2ace ro with ordered data mode. Quota mode: none.
Mar 20 05:12:56 gernby-NUC13ANHi7 systemd[1]: Inserted module 'autofs4'
Mar 20 05:12:56 gernby-NUC13ANHi7 systemd[1]: systemd 256.5-2ubuntu3.1 running in system mode (+PAM +AUDIT +SELINUX +APPARMOR +IMA +SMACK +SECCOMP +GCRYPT -GNUTLS +OPENSSL +ACL +BLKID +CURL +ELFUTILS +FIDO2 +IDN2 -IDN +IPTC +KMOD +LIBCRYPTSETUP +LIBCRYPTSETUP_PLUGINS +LIBFDISK +PCRE2 +PWQUALITY +P11KIT +QRENCODE +TPM2 +BZIP2 +LZ4 +XZ +ZLIB +ZSTD +BPF_FRAMEWORK -XKBCOMMON +UTMP +SYSVINIT +LIBARCHIVE)
Mar 20 05:12:56 gernby-NUC13ANHi7 systemd[1]: Detected architecture x86-64.
Mar 20 05:12:56 gernby-NUC13ANHi7 systemd[1]: Hostname set to <gernby-NUC13ANHi7>.
Mar 20 05:12:56 gernby-NUC13ANHi7 systemd[1]: bpf-restrict-fs: BPF LSM hook not enabled in the kernel, BPF LSM not supported.
Mar 20 05:12:56 gernby-NUC13ANHi7 systemd[1]: Queued start job for default target graphical.target.
Mar 20 05:12:56 gernby-NUC13ANHi7 systemd[1]: Created slice system-modprobe.slice - Slice /system/modprobe.
Mar 20 05:12:56 gernby-NUC13ANHi7 systemd[1]: Created slice system-systemd\x2dfsck.slice - Slice /system/systemd-fsck.
Mar 20 05:12:56 gernby-NUC13ANHi7 systemd[1]: Created slice user.slice - User and Session Slice.
Mar 20 05:12:56 gernby-NUC13ANHi7 systemd[1]: Started systemd-ask-password-wall.path - Forward Password Requests to Wall Directory Watch.
Mar 20 05:12:56 gernby-NUC13ANHi7 systemd[1]: Set up automount proc-sys-fs-binfmt_misc.automount - Arbitrary Executable File Formats File System Automount Point.
Mar 20 05:12:56 gernby-NUC13ANHi7 systemd[1]: Expecting device dev-disk-by\x2duuid-0d35a35f\x2dad07\x2d4eaa\x2d97f6\x2d445f37838791.device - /dev/disk/by-uuid/0d35a35f-ad07-4eaa-97f6-445f37838791...
Mar 20 05:12:56 gernby-NUC13ANHi7 systemd[1]: Expecting device dev-disk-by\x2duuid-3EF5\x2dF4AD.device - /dev/disk/by-uuid/3EF5-F4AD...
Mar 20 05:12:56 gernby-NUC13ANHi7 systemd[1]: Reached target integritysetup.target - Local Integrity Protected Volumes.
Mar 20 05:12:56 gernby-NUC13ANHi7 systemd[1]: Reached target slices.target - Slice Units.
Mar 20 05:12:56 gernby-NUC13ANHi7 systemd[1]: Reached target snapd.mounts-pre.target - Mounting snaps.
Mar 20 05:12:56 gernby-NUC13ANHi7 systemd[1]: Reached target veritysetup.target - Local Verity Protected Volumes.
Mar 20 05:12:56 gernby-NUC13ANHi7 systemd[1]: Listening on dm-event.socket - Device-mapper event daemon FIFOs.
Mar 20 05:12:56 gernby-NUC13ANHi7 systemd[1]: Listening on lvm2-lvmpolld.socket - LVM2 poll daemon socket.
Mar 20 05:12:56 gernby-NUC13ANHi7 systemd[1]: Listening on syslog.socket - Syslog Socket.
Mar 20 05:12:56 gernby-NUC13ANHi7 systemd[1]: Listening on systemd-creds.socket - Credential Encryption/Decryption.
Mar 20 05:12:56 gernby-NUC13ANHi7 systemd[1]: Listening on systemd-fsckd.socket - fsck to fsckd communication Socket.
Mar 20 05:12:56 gernby-NUC13ANHi7 systemd[1]: Listening on systemd-initctl.socket - initctl Compatibility Named Pipe.
Mar 20 05:12:56 gernby-NUC13ANHi7 systemd[1]: Listening on systemd-journald-dev-log.socket - Journal Socket (/dev/log).
Mar 20 05:12:56 gernby-NUC13ANHi7 systemd[1]: Listening on systemd-journald.socket - Journal Sockets.
Mar 20 05:12:56 gernby-NUC13ANHi7 systemd[1]: Listening on systemd-oomd.socket - Userspace Out-Of-Memory (OOM) Killer Socket.
Mar 20 05:12:56 gernby-NUC13ANHi7 systemd[1]: systemd-pcrextend.socket - TPM PCR Measurements was skipped because of an unmet condition check (ConditionSecurity=measured-uki).
Mar 20 05:12:56 gernby-NUC13ANHi7 systemd[1]: systemd-pcrlock.socket - Make TPM PCR Policy was skipped because of an unmet condition check (ConditionSecurity=measured-uki).
Mar 20 05:12:56 gernby-NUC13ANHi7 systemd[1]: Listening on systemd-udevd-control.socket - udev Control Socket.
Mar 20 05:12:56 gernby-NUC13ANHi7 systemd[1]: Listening on systemd-udevd-kernel.socket - udev Kernel Socket.
Mar 20 05:12:56 gernby-NUC13ANHi7 systemd[1]: Mounting dev-hugepages.mount - Huge Pages File System...
Mar 20 05:12:56 gernby-NUC13ANHi7 systemd[1]: Mounting dev-mqueue.mount - POSIX Message Queue File System...
Mar 20 05:12:56 gernby-NUC13ANHi7 systemd[1]: run-lock.mount: Directory /run/lock to mount over is not empty, mounting anyway.
Mar 20 05:12:56 gernby-NUC13ANHi7 systemd[1]: Mounting run-lock.mount - Legacy Locks Directory /run/lock...
Mar 20 05:12:56 gernby-NUC13ANHi7 systemd[1]: Mounting sys-kernel-debug.mount - Kernel Debug File System...
Mar 20 05:12:56 gernby-NUC13ANHi7 systemd[1]: Mounting sys-kernel-tracing.mount - Kernel Trace File System...
Mar 20 05:12:56 gernby-NUC13ANHi7 systemd[1]: Starting systemd-journald.service - Journal Service...
Mar 20 05:12:56 gernby-NUC13ANHi7 systemd[1]: Starting blk-availability.service - Availability of block devices...
Mar 20 05:12:56 gernby-NUC13ANHi7 systemd[1]: Starting keyboard-setup.service - Set the console keyboard layout...
Mar 20 05:12:56 gernby-NUC13ANHi7 systemd[1]: Starting kmod-static-nodes.service - Create List of Static Device Nodes...
Mar 20 05:12:56 gernby-NUC13ANHi7 systemd[1]: Starting lvm2-monitor.service - Monitoring of LVM2 mirrors, snapshots etc. using dmeventd or progress polling...
Mar 20 05:12:56 gernby-NUC13ANHi7 systemd[1]: Starting modprobe@configfs.service - Load Kernel Module configfs...
Mar 20 05:12:56 gernby-NUC13ANHi7 systemd[1]: Starting modprobe@drm.service - Load Kernel Module drm...
Mar 20 05:12:56 gernby-NUC13ANHi7 systemd[1]: Starting modprobe@efi_pstore.service - Load Kernel Module efi_pstore...
Mar 20 05:12:56 gernby-NUC13ANHi7 systemd[1]: Starting modprobe@fuse.service - Load Kernel Module fuse...
Mar 20 05:12:56 gernby-NUC13ANHi7 systemd[1]: systemd-fsck-root.service - File System Check on Root Device was skipped because of an unmet condition check (ConditionPathExists=!/run/initramfs/fsck-root).
Mar 20 05:12:56 gernby-NUC13ANHi7 systemd[1]: systemd-hibernate-clear.service - Clear Stale Hibernate Storage Info was skipped because of an unmet condition check (ConditionPathExists=/sys/firmware/efi/efivars/HibernateLocation-8cf2644b-4b0b-428f-9387-6d876050dc67).
Mar 20 05:12:56 gernby-NUC13ANHi7 systemd[1]: Starting systemd-modules-load.service - Load Kernel Modules...
Mar 20 05:12:56 gernby-NUC13ANHi7 systemd[1]: systemd-pcrmachine.service - TPM PCR Machine ID Measurement was skipped because of an unmet condition check (ConditionSecurity=measured-uki).
Mar 20 05:12:56 gernby-NUC13ANHi7 systemd[1]: Starting systemd-remount-fs.service - Remount Root and Kernel File Systems...
Mar 20 05:12:56 gernby-NUC13ANHi7 systemd[1]: systemd-tpm2-setup-early.service - Early TPM SRK Setup was skipped because of an unmet condition check (ConditionSecurity=measured-uki).
Mar 20 05:12:56 gernby-NUC13ANHi7 systemd[1]: Starting systemd-udev-load-credentials.service - Load udev Rules from Credentials...
Mar 20 05:12:56 gernby-NUC13ANHi7 systemd[1]: Starting systemd-udev-trigger.service - Coldplug All udev Devices...
Mar 20 05:12:56 gernby-NUC13ANHi7 kernel: pstore: Using crash dump compression: deflate
Mar 20 05:12:56 gernby-NUC13ANHi7 systemd[1]: Mounted dev-hugepages.mount - Huge Pages File System.
Mar 20 05:12:56 gernby-NUC13ANHi7 systemd[1]: Mounted dev-mqueue.mount - POSIX Message Queue File System.
Mar 20 05:12:56 gernby-NUC13ANHi7 systemd[1]: Mounted run-lock.mount - Legacy Locks Directory /run/lock.
Mar 20 05:12:56 gernby-NUC13ANHi7 systemd[1]: Mounted sys-kernel-debug.mount - Kernel Debug File System.
Mar 20 05:12:56 gernby-NUC13ANHi7 systemd[1]: Mounted sys-kernel-tracing.mount - Kernel Trace File System.
Mar 20 05:12:56 gernby-NUC13ANHi7 systemd[1]: Finished blk-availability.service - Availability of block devices.
Mar 20 05:12:56 gernby-NUC13ANHi7 systemd[1]: Finished kmod-static-nodes.service - Create List of Static Device Nodes.
Mar 20 05:12:56 gernby-NUC13ANHi7 systemd[1]: modprobe@configfs.service: Deactivated successfully.
Mar 20 05:12:56 gernby-NUC13ANHi7 systemd[1]: Finished modprobe@configfs.service - Load Kernel Module configfs.
Mar 20 05:12:56 gernby-NUC13ANHi7 systemd[1]: modprobe@drm.service: Deactivated successfully.
Mar 20 05:12:56 gernby-NUC13ANHi7 systemd[1]: Finished modprobe@drm.service - Load Kernel Module drm.
Mar 20 05:12:56 gernby-NUC13ANHi7 systemd[1]: modprobe@fuse.service: Deactivated successfully.
Mar 20 05:12:56 gernby-NUC13ANHi7 systemd[1]: Finished modprobe@fuse.service - Load Kernel Module fuse.
Mar 20 05:12:56 gernby-NUC13ANHi7 systemd-journald[547]: Collecting audit messages is disabled.
Mar 20 05:12:56 gernby-NUC13ANHi7 systemd[1]: Mounting sys-fs-fuse-connections.mount - FUSE Control File System...
Mar 20 05:12:56 gernby-NUC13ANHi7 systemd[1]: Mounting sys-kernel-config.mount - Kernel Configuration File System...
Mar 20 05:12:56 gernby-NUC13ANHi7 systemd[1]: Starting systemd-tmpfiles-setup-dev-early.service - Create Static Device Nodes in /dev gracefully...
Mar 20 05:12:56 gernby-NUC13ANHi7 systemd[1]: Finished systemd-udev-load-credentials.service - Load udev Rules from Credentials.
Mar 20 05:12:56 gernby-NUC13ANHi7 systemd[1]: Mounted sys-fs-fuse-connections.mount - FUSE Control File System.
Mar 20 05:12:56 gernby-NUC13ANHi7 kernel: lp: driver loaded but no devices found
Mar 20 05:12:56 gernby-NUC13ANHi7 systemd[1]: Mounted sys-kernel-config.mount - Kernel Configuration File System.
Mar 20 05:12:56 gernby-NUC13ANHi7 kernel: ppdev: user-space parallel port driver
Mar 20 05:12:56 gernby-NUC13ANHi7 kernel: pstore: Registered efi_pstore as persistent store backend
Mar 20 05:12:56 gernby-NUC13ANHi7 systemd[1]: modprobe@efi_pstore.service: Deactivated successfully.
Mar 20 05:12:56 gernby-NUC13ANHi7 systemd[1]: Finished modprobe@efi_pstore.service - Load Kernel Module efi_pstore.
Mar 20 05:12:56 gernby-NUC13ANHi7 systemd[1]: Finished systemd-tmpfiles-setup-dev-early.service - Create Static Device Nodes in /dev gracefully.
Mar 20 05:12:56 gernby-NUC13ANHi7 kernel: EXT4-fs (dm-0): re-mounted e16ffe5b-73d4-43ae-b7ae-7ee7e72e2ace r/w. Quota mode: none.
Mar 20 05:12:56 gernby-NUC13ANHi7 systemd[1]: Finished systemd-remount-fs.service - Remount Root and Kernel File Systems.
Mar 20 05:12:56 gernby-NUC13ANHi7 systemd[1]: Activating swap swap.img.swap - /swap.img...
